Component: ARM Compiler 5.05 update 2 (build 169) Tool: armlink [4d0f33]

==============================================================================

Section Cross References

    startup_stm32f427xx.o(RESET) refers to startup_stm32f427xx.o(STACK) for __initial_sp
    startup_stm32f427xx.o(RESET) refers to startup_stm32f427xx.o(.text) for Reset_Handler
    startup_stm32f427xx.o(RESET) refers to stm32f4xx_it.o(i.NMI_Handler) for NMI_Handler
    startup_stm32f427xx.o(RESET) refers to stm32f4xx_it.o(i.HardFault_Handler) for HardFault_Handler
    startup_stm32f427xx.o(RESET) refers to stm32f4xx_it.o(i.MemManage_Handler) for MemManage_Handler
    startup_stm32f427xx.o(RESET) refers to stm32f4xx_it.o(i.BusFault_Handler) for BusFault_Handler
    startup_stm32f427xx.o(RESET) refers to stm32f4xx_it.o(i.UsageFault_Handler) for UsageFault_Handler
    startup_stm32f427xx.o(RESET) refers to port.o(.emb_text) for SVC_Handler
    startup_stm32f427xx.o(RESET) refers to stm32f4xx_it.o(i.DebugMon_Handler) for DebugMon_Handler
    startup_stm32f427xx.o(RESET) refers to port.o(i.SysTick_Handler) for SysTick_Handler
    startup_stm32f427xx.o(RESET) refers to stm32f4xx_it.o(i.TIM2_IRQHandler) for TIM2_IRQHandler
    startup_stm32f427xx.o(RESET) refers to stm32f4xx_it.o(i.TIM8_TRG_COM_TIM14_IRQHandler) for TIM8_TRG_COM_TIM14_IRQHandler
    startup_stm32f427xx.o(RESET) refers to stm32f4xx_it.o(i.UART4_IRQHandler) for UART4_IRQHandler
    startup_stm32f427xx.o(RESET) refers to stm32f4xx_it.o(i.UART7_IRQHandler) for UART7_IRQHandler
    startup_stm32f427xx.o(.text) refers to system_stm32f4xx.o(i.SystemInit) for SystemInit
    startup_stm32f427xx.o(.text) refers to entry.o(.ARM.Collect$$$$00000000) for __main
    main.o(i.HAL_TIM_PeriodElapsedCallback) refers to stm32f4xx_hal.o(i.HAL_IncTick) for HAL_IncTick
    main.o(i.SystemClock_Config) refers to memseta.o(.text) for __aeabi_memclr4
    main.o(i.SystemClock_Config) refers to stm32f4xx_hal_rcc.o(i.HAL_RCC_OscConfig) for HAL_RCC_OscConfig
    main.o(i.SystemClock_Config) refers to main.o(i.Error_Handler) for Error_Handler
    main.o(i.SystemClock_Config) refers to stm32f4xx_hal_pwr_ex.o(i.HAL_PWREx_EnableOverDrive) for HAL_PWREx_EnableOverDrive
    main.o(i.SystemClock_Config) refers to stm32f4xx_hal_rcc.o(i.HAL_RCC_ClockConfig) for HAL_RCC_ClockConfig
    main.o(i.main) refers to stm32f4xx_hal.o(i.HAL_Init) for HAL_Init
    main.o(i.main) refers to main.o(i.SystemClock_Config) for SystemClock_Config
    main.o(i.main) refers to gpio.o(i.MX_GPIO_Init) for MX_GPIO_Init
    main.o(i.main) refers to can.o(i.MX_CAN1_Init) for MX_CAN1_Init
    main.o(i.main) refers to can.o(i.MX_CAN2_Init) for MX_CAN2_Init
    main.o(i.main) refers to spi.o(i.MX_SPI1_Init) for MX_SPI1_Init
    main.o(i.main) refers to spi.o(i.MX_SPI2_Init) for MX_SPI2_Init
    main.o(i.main) refers to spi.o(i.MX_SPI3_Init) for MX_SPI3_Init
    main.o(i.main) refers to spi.o(i.MX_SPI4_Init) for MX_SPI4_Init
    main.o(i.main) refers to usart.o(i.MX_UART4_Init) for MX_UART4_Init
    main.o(i.main) refers to usart.o(i.MX_UART7_Init) for MX_UART7_Init
    main.o(i.main) refers to usart.o(i.MX_UART8_Init) for MX_UART8_Init
    main.o(i.main) refers to usart.o(i.MX_USART1_UART_Init) for MX_USART1_UART_Init
    main.o(i.main) refers to usart.o(i.MX_USART2_UART_Init) for MX_USART2_UART_Init
    main.o(i.main) refers to sdio.o(i.MX_SDIO_SD_Init) for MX_SDIO_SD_Init
    main.o(i.main) refers to fatfs.o(i.MX_FATFS_Init) for MX_FATFS_Init
    main.o(i.main) refers to tim.o(i.MX_TIM2_Init) for MX_TIM2_Init
    main.o(i.main) refers to freertos.o(i.MX_FREERTOS_Init) for MX_FREERTOS_Init
    main.o(i.main) refers to cmsis_os.o(i.osKernelStart) for osKernelStart
    gpio.o(i.MX_GPIO_Init) refers to memseta.o(.text) for __aeabi_memclr4
    gpio.o(i.MX_GPIO_Init) refers to stm32f4xx_hal_gpio.o(i.HAL_GPIO_WritePin) for HAL_GPIO_WritePin
    gpio.o(i.MX_GPIO_Init) refers to stm32f4xx_hal_gpio.o(i.HAL_GPIO_Init) for HAL_GPIO_Init
    can.o(i.HAL_CAN_MspDeInit) refers to stm32f4xx_hal_gpio.o(i.HAL_GPIO_DeInit) for HAL_GPIO_DeInit
    can.o(i.HAL_CAN_MspDeInit) refers to can.o(.data) for HAL_RCC_CAN1_CLK_ENABLED
    can.o(i.HAL_CAN_MspInit) refers to memseta.o(.text) for __aeabi_memclr4
    can.o(i.HAL_CAN_MspInit) refers to stm32f4xx_hal_gpio.o(i.HAL_GPIO_Init) for HAL_GPIO_Init
    can.o(i.HAL_CAN_MspInit) refers to can.o(.data) for HAL_RCC_CAN1_CLK_ENABLED
    can.o(i.MX_CAN1_Init) refers to stm32f4xx_hal_can.o(i.HAL_CAN_Init) for HAL_CAN_Init
    can.o(i.MX_CAN1_Init) refers to main.o(i.Error_Handler) for Error_Handler
    can.o(i.MX_CAN1_Init) refers to can.o(.bss) for hcan1
    can.o(i.MX_CAN2_Init) refers to stm32f4xx_hal_can.o(i.HAL_CAN_Init) for HAL_CAN_Init
    can.o(i.MX_CAN2_Init) refers to main.o(i.Error_Handler) for Error_Handler
    can.o(i.MX_CAN2_Init) refers to can.o(.bss) for hcan2
    bsp_driver_sd.o(i.BSP_SD_Erase) refers to stm32f4xx_hal_sd.o(i.HAL_SD_Erase) for HAL_SD_Erase
[...]
    i.pvPortMalloc                           0x08005be8   Section        0  heap_4.o(i.pvPortMalloc)
    i.pxPortInitialiseStack                  0x08005d24   Section        0  port.o(i.pxPortInitialiseStack)
    i.usMBCRC16                              0x08005d50   Section        0  mbcrc.o(i.usMBCRC16)
    i.uxListRemove                           0x08005d88   Section        0  list.o(i.uxListRemove)
    i.vApplicationGetIdleTaskMemory          0x08005db0   Section        0  freertos.o(i.vApplicationGetIdleTaskMemory)
    i.vListInitialise                        0x08005dc8   Section        0  list.o(i.vListInitialise)
    i.vListInitialiseItem                    0x08005de2   Section        0  list.o(i.vListInitialiseItem)
    i.vListInsert                            0x08005de8   Section        0  list.o(i.vListInsert)
    i.vListInsertEnd                         0x08005e1c   Section        0  list.o(i.vListInsertEnd)
    i.vMBPortSerialEnable                    0x08005e34   Section        0  portserial.o(i.vMBPortSerialEnable)
    i.vMBPortTimersDisable                   0x08005eb4   Section        0  porttimer.o(i.vMBPortTimersDisable)
    i.vMBPortTimersEnable                    0x08005ec4   Section        0  porttimer.o(i.vMBPortTimersEnable)
    i.vPortEnterCritical                     0x08005ee4   Section        0  port.o(i.vPortEnterCritical)
    i.vPortExitCritical                      0x08005f38   Section        0  port.o(i.vPortExitCritical)
    i.vPortFree                              0x08005f74   Section        0  heap_4.o(i.vPortFree)
    i.vPortSetupTimerInterrupt               0x08006008   Section        0  port.o(i.vPortSetupTimerInterrupt)
    i.vPortValidateInterruptPriority         0x08006030   Section        0  port.o(i.vPortValidateInterruptPriority)
    i.vTaskDelay                             0x080060a8   Section        0  tasks.o(i.vTaskDelay)
    i.vTaskInternalSetTimeOutState           0x08006104   Section        0  tasks.o(i.vTaskInternalSetTimeOutState)
    i.vTaskMissedYield                       0x0800611c   Section        0  tasks.o(i.vTaskMissedYield)
    i.vTaskPlaceOnEventList                  0x08006128   Section        0  tasks.o(i.vTaskPlaceOnEventList)
    i.vTaskStartScheduler                    0x08006160   Section        0  tasks.o(i.vTaskStartScheduler)
    i.vTaskSuspendAll                        0x08006210   Section        0  tasks.o(i.vTaskSuspendAll)
    i.vTaskSwitchContext                     0x08006220   Section        0  tasks.o(i.vTaskSwitchContext)
    i.xMBPortEventGet                        0x080062ac   Section        0  portevent.o(i.xMBPortEventGet)
    i.xMBPortEventInit                       0x080062d0   Section        0  portevent.o(i.xMBPortEventInit)
    i.xMBPortEventPost                       0x080062e0   Section        0  portevent.o(i.xMBPortEventPost)
    i.xMBPortSerialGetByte                   0x080062f8   Section        0  portserial.o(i.xMBPortSerialGetByte)
    i.xMBPortSerialInit                      0x0800630c   Section        0  portserial.o(i.xMBPortSerialInit)
    i.xMBPortSerialPutByte                   0x08006394   Section        0  portserial.o(i.xMBPortSerialPutByte)
    i.xMBPortTimersInit                      0x080063b0   Section        0  porttimer.o(i.xMBPortTimersInit)
    i.xMBRTUReceiveFSM                       0x08006410   Section        0  mbrtu.o(i.xMBRTUReceiveFSM)
    i.xMBRTUTimerT35Expired                  0x08006498   Section        0  mbrtu.o(i.xMBRTUTimerT35Expired)
    i.xMBRTUTransmitFSM                      0x080064d8   Section        0  mbrtu.o(i.xMBRTUTransmitFSM)
    i.xPortStartScheduler                    0x08006544   Section        0  port.o(i.xPortStartScheduler)
    i.xQueueGenericCreate                    0x080066ac   Section        0  queue.o(i.xQueueGenericCreate)
    i.xQueueGenericCreateStatic              0x0800670c   Section        0  queue.o(i.xQueueGenericCreateStatic)
    i.xQueueGenericReset                     0x080067ec   Section        0  queue.o(i.xQueueGenericReset)
    i.xQueueGenericSend                      0x08006884   Section        0  queue.o(i.xQueueGenericSend)
    i.xQueueGenericSendFromISR               0x08006a2c   Section        0  queue.o(i.xQueueGenericSendFromISR)
    i.xQueueReceive                          0x08006b24   Section        0  queue.o(i.xQueueReceive)
    i.xQueueReceiveFromISR                   0x08006c8c   Section        0  queue.o(i.xQueueReceiveFromISR)
    i.xTaskCheckForTimeOut                   0x08006d58   Section        0  tasks.o(i.xTaskCheckForTimeOut)
    i.xTaskCreate                            0x08006de4   Section        0  tasks.o(i.xTaskCreate)
    i.xTaskCreateStatic                      0x08006e48   Section        0  tasks.o(i.xTaskCreateStatic)
    i.xTaskGetSchedulerState                 0x08006f04   Section        0  tasks.o(i.xTaskGetSchedulerState)
    i.xTaskGetTickCount                      0x08006f24   Section        0  tasks.o(i.xTaskGetTickCount)
    i.xTaskGetTickCountFromISR               0x08006f30   Section        0  tasks.o(i.xTaskGetTickCountFromISR)
    i.xTaskIncrementTick                     0x08006f44   Section        0  tasks.o(i.xTaskIncrementTick)
    i.xTaskPriorityDisinherit                0x0800708c   Section        0  tasks.o(i.xTaskPriorityDisinherit)
    i.xTaskRemoveFromEventList               0x08007154   Section        0  tasks.o(i.xTaskRemoveFromEventList)
    i.xTaskResumeAll                         0x080071ec   Section        0  tasks.o(i.xTaskResumeAll)
    .constdata                               0x080072f0   Section       36  sd_diskio.o(.constdata)
    .constdata                               0x08007314   Section       56  freertos.o(.constdata)
    .constdata                               0x0800734c   Section       24  system_stm32f4xx.o(.constdata)
    .constdata                               0x08007364   Section      512  mbcrc.o(.constdata)
    aucCRCHi                                 0x08007364   Data         256  mbcrc.o(.constdata)
    aucCRCLo                                 0x08007464   Data         256  mbcrc.o(.constdata)
    .conststring                             0x08007564   Section       24  freertos.o(.conststring)
    .data                                    0x20000000   Section        4  can.o(.data)
    HAL_RCC_CAN1_CLK_ENABLED                 0x20000000   Data           4  can.o(.data)
    .data                                    0x20000004   Section        8  sd_diskio.o(.data)
    Stat                                     0x20000004   Data           1  sd_diskio.o(.data)
    SDQueueID                                0x20000008   Data           4  sd_diskio.o(.data)
    .data                                    0x2000000c   Section        5  fatfs.o(.data)
    .data                                    0x20000014   Section       12  freertos.o(.data)
    .data                                    0x20000020   Section        9  stm32f4xx_hal.o(.data)
    .data                                    0x2000002c   Section        4  system_stm32f4xx.o(.data)
    .data                                    0x20000030   Section       60  tasks.o(.data)
    pxDelayedTaskList                        0x20000034   Data           4  tasks.o(.data)
    pxOverflowDelayedTaskList                0x20000038   Data           4  tasks.o(.data)
    uxDeletedTasksWaitingCleanUp             0x2000003c   Data           4  tasks.o(.data)
    uxCurrentNumberOfTasks                   0x20000040   Data           4  tasks.o(.data)
    xTickCount                               0x20000044   Data           4  tasks.o(.data)
    uxTopReadyPriority                       0x20000048   Data           4  tasks.o(.data)
    xSchedulerRunning                        0x2000004c   Data           4  tasks.o(.data)
    uxPendedTicks                            0x20000050   Data           4  tasks.o(.data)
    xYieldPending                            0x20000054   Data           4  tasks.o(.data)
    xNumOfOverflows                          0x20000058   Data           4  tasks.o(.data)
    uxTaskNumber                             0x2000005c   Data           4  tasks.o(.data)
    xNextTaskUnblockTime                     0x20000060   Data           4  tasks.o(.data)
    xIdleTaskHandle                          0x20000064   Data           4  tasks.o(.data)
    uxSchedulerSuspended                     0x20000068   Data           4  tasks.o(.data)
    .data                                    0x2000006c   Section       24  heap_4.o(.data)
    xStart                                   0x2000006c   Data           8  heap_4.o(.data)
    pxEnd                                    0x20000074   Data           4  heap_4.o(.data)
    xFreeBytesRemaining                      0x20000078   Data           4  heap_4.o(.data)
    xMinimumEverFreeBytesRemaining           0x2000007c   Data           4  heap_4.o(.data)
    xBlockAllocatedBit                       0x20000080   Data           4  heap_4.o(.data)
    .data                                    0x20000084   Section       12  port.o(.data)
    uxCriticalNesting                        0x20000084   Data           4  port.o(.data)
    ucMaxSysCallPriority                     0x20000088   Data           1  port.o(.data)
    ulMaxPRIGROUPValue                       0x2000008c   Data           4  port.o(.data)
    .data                                    0x20000090   Section        4  porttimer.o(.data)
    .data                                    0x20000094   Section        4  portserial.o(.data)
    .data                                    0x20000098   Section        2  portevent.o(.data)
    eQueuedEvent                             0x20000098   Data           1  portevent.o(.data)
    xEventInQueue                            0x20000099   Data           1  portevent.o(.data)
    .data                                    0x2000009c   Section      181  mb.o(.data)
    ucMBAddress                              0x2000009c   Data           1  mb.o(.data)
    eMBCurrentMode                           0x2000009d   Data           1  mb.o(.data)
    eMBState                                 0x2000009e   Data           1  mb.o(.data)
    peMBFrameSendCur                         0x200000a0   Data           4  mb.o(.data)
    pvMBFrameStartCur                        0x200000a4   Data           4  mb.o(.data)
    pvMBFrameStopCur                         0x200000a8   Data           4  mb.o(.data)
    peMBFrameReceiveCur                      0x200000ac   Data           4  mb.o(.data)
    pvMBFrameCloseCur                        0x200000b0   Data           4  mb.o(.data)
    xFuncHandlers                            0x200000c8   Data         128  mb.o(.data)
    ucMBFrame                                0x20000148   Data           4  mb.o(.data)
    ucRcvAddress                             0x2000014c   Data           1  mb.o(.data)
    ucFunctionCode                           0x2000014d   Data           1  mb.o(.data)
    usLength                                 0x2000014e   Data           2  mb.o(.data)
    eException                               0x20000150   Data           1  mb.o(.data)
    .data                                    0x20000154   Section       12  mbrtu.o(.data)
    eSndState                                0x20000154   Data           1  mbrtu.o(.data)
    eRcvState                                0x20000155   Data           1  mbrtu.o(.data)
    pucSndBufferCur                          0x20000158   Data           4  mbrtu.o(.data)
    usSndBufferCount                         0x2000015c   Data           2  mbrtu.o(.data)
    usRcvBufferPos                           0x2000015e   Data           2  mbrtu.o(.data)
    .data                                    0x20000160   Section        2  mbfuncother.o(.data)
    usMBSlaveIDLen                           0x20000160   Data           2  mbfuncother.o(.data)
    .bss                                     0x20000164   Section       80  can.o(.bss)
    .bss                                     0x200001b4   Section      596  freertos.o(.bss)
    xIdleTaskTCBBuffer                       0x200001b4   Data          84  freertos.o(.bss)
    xIdleStack                               0x20000208   Data         512  freertos.o(.bss)
    .bss                                     0x20000408   Section      132  sdio.o(.bss)
    .bss                                     0x2000048c   Section      352  spi.o(.bss)
    .bss                                     0x200005ec   Section       64  tim.o(.bss)
    .bss                                     0x2000062c   Section      320  usart.o(.bss)
    .bss                                     0x2000076c   Section       64  stm32f4xx_hal_timebase_tim.o(.bss)
    .bss                                     0x200007ac   Section      240  tasks.o(.bss)
    pxReadyTasksLists                        0x200007ac   Data         140  tasks.o(.bss)
    xDelayedTaskList1                        0x20000838   Data          20  tasks.o(.bss)
    xDelayedTaskList2                        0x2000084c   Data          20  tasks.o(.bss)
    xPendingReadyList                        0x20000860   Data          20  tasks.o(.bss)
    xTasksWaitingTermination                 0x20000874   Data          20  tasks.o(.bss)
    xSuspendedTaskList                       0x20000888   Data          20  tasks.o(.bss)
    .bss                                     0x2000089c   Section    15360  heap_4.o(.bss)
    ucHeap                                   0x2000089c   Data       15360  heap_4.o(.bss)
    .bss                                     0x2000449c   Section       12  ff_gen_drv.o(.bss)
    .bss                                     0x200044a8   Section      256  mbrtu.o(.bss)
    .bss                                     0x200045a8   Section       32  mbfuncother.o(.bss)
    ucMBSlaveID                              0x200045a8   Data          32  mbfuncother.o(.bss)
    STACK                                    0x200045c8   Section     1024  startup_stm32f427xx.o(STACK)

    Global Symbols

    Symbol Name                              Value     Ov Type        Size  Object(Section)

    BuildAttributes$$THM_ISAv4$E$P$D$K$B$S$7EM$VFPi3$EXTD16$VFPS$VFMA$PE$A:L22UL41UL21$X:L11$S22US41US21$IEEE1$IW$USESV6$~STKCKD$USESV7$~SHL$OSPACE$EBA8$MICROLIB$REQ8$PRES8$EABIv2 0x00000000   Number         0  anon$$obj.o ABSOLUTE
    __ARM_use_no_argv                        0x00000000   Number         0  main.o ABSOLUTE
    __cpp_initialize__aeabi_                  - Undefined Weak Reference
    __cxa_finalize                            - Undefined Weak Reference
    _clock_init                               - Undefined Weak Reference
    _microlib_exit                            - Undefined Weak Reference
    __Vectors_Size                           0x000001ac   Number         0  startup_stm32f427xx.o ABSOLUTE
    __Vectors                                0x08000000   Data           4  startup_stm32f427xx.o(RESET)
    __Vectors_End                            0x080001ac   Data           0  startup_stm32f427xx.o(RESET)
    __main                                   0x080001ad   Thumb Code     0  entry.o(.ARM.Collect$$$$00000000)
    _main_stk                                0x080001ad   Thumb Code     0  entry2.o(.ARM.Collect$$$$00000001)
    _main_scatterload                        0x080001b1   Thumb Code     0  entry5.o(.ARM.Collect$$$$00000004)
    __main_after_scatterload                 0x080001b5   Thumb Code     0  entry5.o(.ARM.Collect$$$$00000004)
    _main_clock                              0x080001b5   Thumb Code     0  entry7b.o(.ARM.Collect$$$$00000008)
    _main_cpp_init                           0x080001b5   Thumb Code     0  entry8b.o(.ARM.Collect$$$$0000000A)
    _main_init                               0x080001b5   Thumb Code     0  entry9a.o(.ARM.Collect$$$$0000000B)
    __rt_final_cpp                           0x080001bd   Thumb Code     0  entry10a.o(.ARM.Collect$$$$0000000D)
    __rt_final_exit                          0x080001bd   Thumb Code     0  entry11a.o(.ARM.Collect$$$$0000000F)
    SVC_Handler                              0x080001c1   Thumb Code    28  port.o(.emb_text)
    __asm___6_port_c_39a90d8d__prvStartFirstTask 0x080001e1   Thumb Code    36  port.o(.emb_text)
    __asm___6_port_c_39a90d8d__prvEnableVFP  0x08000209   Thumb Code    16  port.o(.emb_text)
    PendSV_Handler                           0x0800021d   Thumb Code    88  port.o(.emb_text)
    vPortGetIPSR                             0x08000279   Thumb Code     6  port.o(.emb_text)
    Reset_Handler                            0x08000281   Thumb Code     8  startup_stm32f427xx.o(.text)
    ADC_IRQHandler                           0x0800029b   Thumb Code     0  startup_stm32f427xx.o(.text)
    CAN1_RX0_IRQHandler                      0x0800029b   Thumb Code     0  startup_stm32f427xx.o(.text)
    CAN1_RX1_IRQHandler                      0x0800029b   Thumb Code     0  startup_stm32f427xx.o(.text)
    CAN1_SCE_IRQHandler                      0x0800029b   Thumb Code     0  startup_stm32f427xx.o(.text)
    CAN1_TX_IRQHandler                       0x0800029b   Thumb Code     0  startup_stm32f427xx.o(.text)
    CAN2_RX0_IRQHandler                      0x0800029b   Thumb Code     0  startup_stm32f427xx.o(.text)
    CAN2_RX1_IRQHandler                      0x0800029b   Thumb Code     0  startup_stm32f427xx.o(.text)
    CAN2_SCE_IRQHandler                      0x0800029b   Thumb Code     0  startup_stm32f427xx.o(.text)
    CAN2_TX_IRQHandler                       0x0800029b   Thumb Code     0  startup_stm32f427xx.o(.text)
    DCMI_IRQHandler                          0x0800029b   Thumb Code     0  startup_stm32f427xx.o(.text)
    DMA1_Stream0_IRQHandler                  0x0800029b   Thumb Code     0  startup_stm32f427xx.o(.text)
    DMA1_Stream1_IRQHandler                  0x0800029b   Thumb Code     0  startup_stm32f427xx.o(.text)
    DMA1_Stream2_IRQHandler                  0x0800029b   Thumb Code     0  startup_stm32f427xx.o(.text)
    DMA1_Stream3_IRQHandler                  0x0800029b   Thumb Code     0  startup_stm32f427xx.o(.text)
    DMA1_Stream4_IRQHandler                  0x0800029b   Thumb Code     0  startup_stm32f427xx.o(.text)
    DMA1_Stream5_IRQHandler                  0x0800029b   Thumb Code     0  startup_stm32f427xx.o(.text)
    DMA1_Stream6_IRQHandler                  0x0800029b   Thumb Code     0  startup_stm32f427xx.o(.text)
    DMA1_Stream7_IRQHandler                  0x0800029b   Thumb Code     0  startup_stm32f427xx.o(.text)
    DMA2D_IRQHandler                         0x0800029b   Thumb Code     0  startup_stm32f427xx.o(.text)
    DMA2_Stream0_IRQHandler                  0x0800029b   Thumb Code     0  startup_stm32f427xx.o(.text)
    DMA2_Stream1_IRQHandler                  0x0800029b   Thumb Code     0  startup_stm32f427xx.o(.text)
    DMA2_Stream2_IRQHandler                  0x0800029b   Thumb Code     0  startup_stm32f427xx.o(.text)
    DMA2_Stream3_IRQHandler                  0x0800029b   Thumb Code     0  startup_stm32f427xx.o(.text)
    DMA2_Stream4_IRQHandler                  0x0800029b   Thumb Code     0  startup_stm32f427xx.o(.text)
    DMA2_Stream5_IRQHandler                  0x0800029b   Thumb Code     0  startup_stm32f427xx.o(.text)
    DMA2_Stream6_IRQHandler                  0x0800029b   Thumb Code     0  startup_stm32f427xx.o(.text)
    DMA2_Stream7_IRQHandler                  0x0800029b   Thumb Code     0  startup_stm32f427xx.o(.text)
    ETH_IRQHandler                           0x0800029b   Thumb Code     0  startup_stm32f427xx.o(.text)
    ETH_WKUP_IRQHandler                      0x0800029b   Thumb Code     0  startup_stm32f427xx.o(.text)
    EXTI0_IRQHandler                         0x0800029b   Thumb Code     0  startup_stm32f427xx.o(.text)
    EXTI15_10_IRQHandler                     0x0800029b   Thumb Code     0  startup_stm32f427xx.o(.text)
    EXTI1_IRQHandler                         0x0800029b   Thumb Code     0  startup_stm32f427xx.o(.text)
    EXTI2_IRQHandler                         0x0800029b   Thumb Code     0  startup_stm32f427xx.o(.text)
    EXTI3_IRQHandler                         0x0800029b   Thumb Code     0  startup_stm32f427xx.o(.text)
    EXTI4_IRQHandler                         0x0800029b   Thumb Code     0  startup_stm32f427xx.o(.text)
    EXTI9_5_IRQHandler                       0x0800029b   Thumb Code     0  startup_stm32f427xx.o(.text)
    FLASH_IRQHandler                         0x0800029b   Thumb Code     0  startup_stm32f427xx.o(.text)
    FMC_IRQHandler                           0x0800029b   Thumb Code     0  startup_stm32f427xx.o(.text)
    FPU_IRQHandler                           0x0800029b   Thumb Code     0  startup_stm32f427xx.o(.text)
    HASH_RNG_IRQHandler                      0x0800029b   Thumb Code     0  startup_stm32f427xx.o(.text)
    I2C1_ER_IRQHandler                       0x0800029b   Thumb Code     0  startup_stm32f427xx.o(.text)
    I2C1_EV_IRQHandler                       0x0800029b   Thumb Code     0  startup_stm32f427xx.o(.text)
    I2C2_ER_IRQHandler                       0x0800029b   Thumb Code     0  startup_stm32f427xx.o(.text)
    I2C2_EV_IRQHandler                       0x0800029b   Thumb Code     0  startup_stm32f427xx.o(.text)
    I2C3_ER_IRQHandler                       0x0800029b   Thumb Code     0  startup_stm32f427xx.o(.text)
    I2C3_EV_IRQHandler                       0x0800029b   Thumb Code     0  startup_stm32f427xx.o(.text)
    OTG_FS_IRQHandler                        0x0800029b   Thumb Code     0  startup_stm32f427xx.o(.text)
    OTG_FS_WKUP_IRQHandler                   0x0800029b   Thumb Code     0  startup_stm32f427xx.o(.text)
    OTG_HS_EP1_IN_IRQHandler                 0x0800029b   Thumb Code     0  startup_stm32f427xx.o(.text)
    OTG_HS_EP1_OUT_IRQHandler                0x0800029b   Thumb Code     0  startup_stm32f427xx.o(.text)
    OTG_HS_IRQHandler                        0x0800029b   Thumb Code     0  startup_stm32f427xx.o(.text)
    OTG_HS_WKUP_IRQHandler                   0x0800029b   Thumb Code     0  startup_stm32f427xx.o(.text)
    PVD_IRQHandler                           0x0800029b   Thumb Code     0  startup_stm32f427xx.o(.text)
    RCC_IRQHandler                           0x0800029b   Thumb Code     0  startup_stm32f427xx.o(.text)
    RTC_Alarm_IRQHandler                     0x0800029b   Thumb Code     0  startup_stm32f427xx.o(.text)
    RTC_WKUP_IRQHandler                      0x0800029b   Thumb Code     0  startup_stm32f427xx.o(.text)
    SAI1_IRQHandler                          0x0800029b   Thumb Code     0  startup_stm32f427xx.o(.text)
    SDIO_IRQHandler                          0x0800029b   Thumb Code     0  startup_stm32f427xx.o(.text)
    SPI1_IRQHandler                          0x0800029b   Thumb Code     0  startup_stm32f427xx.o(.text)
    SPI2_IRQHandler                          0x0800029b   Thumb Code     0  startup_stm32f427xx.o(.text)
    SPI3_IRQHandler                          0x0800029b   Thumb Code     0  startup_stm32f427xx.o(.text)
    SPI4_IRQHandler                          0x0800029b   Thumb Code     0  startup_stm32f427xx.o(.text)
    SPI5_IRQHandler                          0x0800029b   Thumb Code     0  startup_stm32f427xx.o(.text)
    SPI6_IRQHandler                          0x0800029b   Thumb Code     0  startup_stm32f427xx.o(.text)
    TAMP_STAMP_IRQHandler                    0x0800029b   Thumb Code     0  startup_stm32f427xx.o(.text)
    TIM1_BRK_TIM9_IRQHandler                 0x0800029b   Thumb Code     0  startup_stm32f427xx.o(.text)
    TIM1_CC_IRQHandler                       0x0800029b   Thumb Code     0  startup_stm32f427xx.o(.text)
    TIM1_TRG_COM_TIM11_IRQHandler            0x0800029b   Thumb Code     0  startup_stm32f427xx.o(.text)
    TIM1_UP_TIM10_IRQHandler                 0x0800029b   Thumb Code     0  startup_stm32f427xx.o(.text)
    TIM3_IRQHandler                          0x0800029b   Thumb Code     0  startup_stm32f427xx.o(.text)
    TIM4_IRQHandler                          0x0800029b   Thumb Code     0  startup_stm32f427xx.o(.text)
    TIM5_IRQHandler                          0x0800029b   Thumb Code     0  startup_stm32f427xx.o(.text)
    TIM6_DAC_IRQHandler                      0x0800029b   Thumb Code     0  startup_stm32f427xx.o(.text)
    TIM7_IRQHandler                          0x0800029b   Thumb Code     0  startup_stm32f427xx.o(.text)
    TIM8_BRK_TIM12_IRQHandler                0x0800029b   Thumb Code     0  startup_stm32f427xx.o(.text)
    TIM8_CC_IRQHandler                       0x0800029b   Thumb Code     0  startup_stm32f427xx.o(.text)
    TIM8_UP_TIM13_IRQHandler                 0x0800029b   Thumb Code     0  startup_stm32f427xx.o(.text)
    UART5_IRQHandler                         0x0800029b   Thumb Code     0  startup_stm32f427xx.o(.text)
    UART8_IRQHandler                         0x0800029b   Thumb Code     0  startup_stm32f427xx.o(.text)
    USART1_IRQHandler                        0x0800029b   Thumb Code     0  startup_stm32f427xx.o(.text)
    USART2_IRQHandler                        0x0800029b   Thumb Code     0  startup_stm32f427xx.o(.text)
    USART3_IRQHandler                        0x0800029b   Thumb Code     0  startup_stm32f427xx.o(.text)
    USART6_IRQHandler                        0x0800029b   Thumb Code     0  startup_stm32f427xx.o(.text)
    WWDG_IRQHandler                          0x0800029b   Thumb Code     0  startup_stm32f427xx.o(.text)
    __aeabi_uldivmod                         0x080002a5   Thumb Code    98  uldiv.o(.text)
    __aeabi_memcpy                           0x08000307   Thumb Code    36  memcpya.o(.text)
    __aeabi_memcpy4                          0x08000307   Thumb Code     0  memcpya.o(.text)
    __aeabi_memcpy8                          0x08000307   Thumb Code     0  memcpya.o(.text)
    __aeabi_memset                           0x0800032b   Thumb Code    14  memseta.o(.text)
    __aeabi_memset4                          0x0800032b   Thumb Code     0  memseta.o(.text)
    __aeabi_memset8                          0x0800032b   Thumb Code     0  memseta.o(.text)
    __aeabi_memclr                           0x08000339   Thumb Code     4  memseta.o(.text)
    __aeabi_memclr4                          0x08000339   Thumb Code     0  memseta.o(.text)
    __aeabi_memclr8                          0x08000339   Thumb Code     0  memseta.o(.text)
    memset                                   0x0800033d   Thumb Code    18  memseta.o(.text)
    __aeabi_llsl                             0x0800034f   Thumb Code    30  llshl.o(.text)
    _ll_shift_l                              0x0800034f   Thumb Code     0  llshl.o(.text)
    __aeabi_llsr                             0x0800036d   Thumb Code    32  llushr.o(.text)
    _ll_ushift_r                             0x0800036d   Thumb Code     0  llushr.o(.text)
    __scatterload                            0x0800038d   Thumb Code    28  init.o(.text)
    __scatterload_rt2                        0x0800038d   Thumb Code     0  init.o(.text)
    __decompress                             0x080003b1   Thumb Code     0  __dczerorl2.o(.text)
    __decompress1                            0x080003b1   Thumb Code    86  __dczerorl2.o(.text)
    BSP_PlatformIsDetected                   0x08000409   Thumb Code    20  fatfs_platform.o(i.BSP_PlatformIsDetected)
    BSP_SD_GetCardInfo                       0x08000421   Thumb Code    14  bsp_driver_sd.o(i.BSP_SD_GetCardInfo)
    BSP_SD_GetCardState                      0x08000435   Thumb Code    20  bsp_driver_sd.o(i.BSP_SD_GetCardState)
    BSP_SD_Init                              0x0800044d   Thumb Code    44  bsp_driver_sd.o(i.BSP_SD_Init)
    BSP_SD_IsDetected                        0x0800047d   Thumb Code    22  bsp_driver_sd.o(i.BSP_SD_IsDetected)
    BSP_SD_ReadBlocks_DMA                    0x08000495   Thumb Code    34  bsp_driver_sd.o(i.BSP_SD_ReadBlocks_DMA)
    BSP_SD_ReadCpltCallback                  0x080004bd   Thumb Code    16  sd_diskio.o(i.BSP_SD_ReadCpltCallback)
    BSP_SD_WriteBlocks_DMA                   0x080004d1   Thumb Code    34  bsp_driver_sd.o(i.BSP_SD_WriteBlocks_DMA)
    BusFault_Handler                         0x080004f9   Thumb Code     4  stm32f4xx_it.o(i.BusFault_Handler)
    DebugMon_Handler                         0x08000529   Thumb Code     2  stm32f4xx_it.o(i.DebugMon_Handler)
    Error_Handler                            0x0800052b   Thumb Code     2  main.o(i.Error_Handler)
    FATFS_LinkDriver                         0x0800052d   Thumb Code    18  ff_gen_drv.o(i.FATFS_LinkDriver)
    FATFS_LinkDriverEx                       0x08000541   Thumb Code    78  ff_gen_drv.o(i.FATFS_LinkDriverEx)
    HAL_CAN_Init                             0x08000595   Thumb Code   372  stm32f4xx_hal_can.o(i.HAL_CAN_Init)
    HAL_CAN_MspInit                          0x08000709   Thumb Code   300  can.o(i.HAL_CAN_MspInit)
    HAL_DMA_Abort_IT                         0x0800084d   Thumb Code    40  stm32f4xx_hal_dma.o(i.HAL_DMA_Abort_IT)
    HAL_DMA_GetError                         0x08000875   Thumb Code     6  stm32f4xx_hal_dma.o(i.HAL_DMA_GetError)
    HAL_DMA_Start_IT                         0x0800087b   Thumb Code   146  stm32f4xx_hal_dma.o(i.HAL_DMA_Start_IT)
    HAL_Delay                                0x0800090d   Thumb Code    36  stm32f4xx_hal.o(i.HAL_Delay)
    HAL_GPIO_Init                            0x08000935   Thumb Code   486  stm32f4xx_hal_gpio.o(i.HAL_GPIO_Init)
    HAL_GPIO_ReadPin                         0x08000b51   Thumb Code    16  stm32f4xx_hal_gpio.o(i.HAL_GPIO_ReadPin)
    HAL_GPIO_WritePin                        0x08000b61   Thumb Code    12  stm32f4xx_hal_gpio.o(i.HAL_GPIO_WritePin)
    HAL_GetTick                              0x08000b6d   Thumb Code     6  stm32f4xx_hal.o(i.HAL_GetTick)
    HAL_IncTick                              0x08000b79   Thumb Code    16  stm32f4xx_hal.o(i.HAL_IncTick)
    HAL_Init                                 0x08000b91   Thumb Code    54  stm32f4xx_hal.o(i.HAL_Init)
    HAL_InitTick                             0x08000bcd   Thumb Code   122  stm32f4xx_hal_timebase_tim.o(i.HAL_InitTick)
    HAL_MspInit                              0x08000c59   Thumb Code    78  stm32f4xx_hal_msp.o(i.HAL_MspInit)
    HAL_NVIC_EnableIRQ                       0x08000cad   Thumb Code    32  stm32f4xx_hal_cortex.o(i.HAL_NVIC_EnableIRQ)
    HAL_NVIC_SetPriority                     0x08000ccd   Thumb Code   124  stm32f4xx_hal_cortex.o(i.HAL_NVIC_SetPriority)
    HAL_NVIC_SetPriorityGrouping             0x08000d49   Thumb Code    32  stm32f4xx_hal_cortex.o(i.HAL_NVIC_SetPriorityGrouping)
    HAL_PWREx_EnableOverDrive                0x08000d71   Thumb Code   128  stm32f4xx_hal_pwr_ex.o(i.HAL_PWREx_EnableOverDrive)
    HAL_RCC_ClockConfig                      0x08000dfd   Thumb Code   368  stm32f4xx_hal_rcc.o(i.HAL_RCC_ClockConfig)
    HAL_RCC_GetClockConfig                   0x08000f81   Thumb Code    58  stm32f4xx_hal_rcc.o(i.HAL_RCC_GetClockConfig)
    HAL_RCC_GetHCLKFreq                      0x08000fc5   Thumb Code     6  stm32f4xx_hal_rcc.o(i.HAL_RCC_GetHCLKFreq)
    HAL_RCC_GetPCLK1Freq                     0x08000fd1   Thumb Code    22  stm32f4xx_hal_rcc.o(i.HAL_RCC_GetPCLK1Freq)
    HAL_RCC_GetPCLK2Freq                     0x08000ff1   Thumb Code    22  stm32f4xx_hal_rcc.o(i.HAL_RCC_GetPCLK2Freq)
    HAL_RCC_GetSysClockFreq                  0x08001011   Thumb Code   162  stm32f4xx_hal_rcc.o(i.HAL_RCC_GetSysClockFreq)
    HAL_RCC_OscConfig                        0x080010c1   Thumb Code  1152  stm32f4xx_hal_rcc.o(i.HAL_RCC_OscConfig)
    HAL_SD_ConfigWideBusOperation            0x08001549   Thumb Code   164  stm32f4xx_hal_sd.o(i.HAL_SD_ConfigWideBusOperation)
    HAL_SD_ErrorCallback                     0x080015f1   Thumb Code     2  stm32f4xx_hal_sd.o(i.HAL_SD_ErrorCallback)
    HAL_SD_GetCardCSD                        0x080015f5   Thumb Code   450  stm32f4xx_hal_sd.o(i.HAL_SD_GetCardCSD)
    HAL_SD_GetCardInfo                       0x080017bd   Thumb Code    38  stm32f4xx_hal_sd.o(i.HAL_SD_GetCardInfo)
    HAL_SD_GetCardState                      0x080017e3   Thumb Code    36  stm32f4xx_hal_sd.o(i.HAL_SD_GetCardState)
    HAL_SD_Init                              0x08001807   Thumb Code    60  stm32f4xx_hal_sd.o(i.HAL_SD_Init)
    HAL_SD_InitCard                          0x08001845   Thumb Code   128  stm32f4xx_hal_sd.o(i.HAL_SD_InitCard)
    HAL_SD_MspInit                           0x080018c9   Thumb Code   212  sdio.o(i.HAL_SD_MspInit)
    HAL_SD_ReadBlocks_DMA                    0x080019ad   Thumb Code   322  stm32f4xx_hal_sd.o(i.HAL_SD_ReadBlocks_DMA)
    HAL_SD_RxCpltCallback                    0x08001b01   Thumb Code    10  bsp_driver_sd.o(i.HAL_SD_RxCpltCallback)
    HAL_SD_WriteBlocks_DMA                   0x08001b0d   Thumb Code   328  stm32f4xx_hal_sd.o(i.HAL_SD_WriteBlocks_DMA)
    HAL_SPI_Init                             0x08001c65   Thumb Code   140  stm32f4xx_hal_spi.o(i.HAL_SPI_Init)
    HAL_SPI_MspInit                          0x08001cf1   Thumb Code   508  spi.o(i.HAL_SPI_MspInit)
    HAL_SPI_Transmit                         0x08001f11   Thumb Code   418  stm32f4xx_hal_spi.o(i.HAL_SPI_Transmit)
    HAL_TIMEx_BreakCallback                  0x080020b3   Thumb Code     2  stm32f4xx_hal_tim_ex.o(i.HAL_TIMEx_BreakCallback)
    HAL_TIMEx_CommutCallback                 0x080020b5   Thumb Code     2  stm32f4xx_hal_tim_ex.o(i.HAL_TIMEx_CommutCallback)
    HAL_TIMEx_MasterConfigSynchronization    0x080020b9   Thumb Code   150  stm32f4xx_hal_tim_ex.o(i.HAL_TIMEx_MasterConfigSynchronization)
    HAL_TIM_Base_Init                        0x0800216d   Thumb Code    52  stm32f4xx_hal_tim.o(i.HAL_TIM_Base_Init)
    HAL_TIM_Base_MspInit                     0x080021a1   Thumb Code    62  tim.o(i.HAL_TIM_Base_MspInit)
    HAL_TIM_Base_Start_IT                    0x080021e5   Thumb Code    42  stm32f4xx_hal_tim.o(i.HAL_TIM_Base_Start_IT)
    HAL_TIM_Base_Stop_IT                     0x0800220f   Thumb Code    56  stm32f4xx_hal_tim.o(i.HAL_TIM_Base_Stop_IT)
    HAL_TIM_ConfigClockSource                0x08002247   Thumb Code   264  stm32f4xx_hal_tim.o(i.HAL_TIM_ConfigClockSource)
    HAL_TIM_IC_CaptureCallback               0x0800234f   Thumb Code     2  stm32f4xx_hal_tim.o(i.HAL_TIM_IC_CaptureCallback)
    HAL_TIM_IRQHandler                       0x08002351   Thumb Code   406  stm32f4xx_hal_tim.o(i.HAL_TIM_IRQHandler)
    HAL_TIM_OC_DelayElapsedCallback          0x080024e7   Thumb Code     2  stm32f4xx_hal_tim.o(i.HAL_TIM_OC_DelayElapsedCallback)
    HAL_TIM_PWM_PulseFinishedCallback        0x080024e9   Thumb Code     2  stm32f4xx_hal_tim.o(i.HAL_TIM_PWM_PulseFinishedCallback)
    HAL_TIM_PeriodElapsedCallback            0x080024ed   Thumb Code    18  main.o(i.HAL_TIM_PeriodElapsedCallback)
    HAL_TIM_TriggerCallback                  0x08002505   Thumb Code     2  stm32f4xx_hal_tim.o(i.HAL_TIM_TriggerCallback)
    HAL_UART_ErrorCallback                   0x08002507   Thumb Code     2  stm32f4xx_hal_uart.o(i.HAL_UART_ErrorCallback)
    HAL_UART_IRQHandler                      0x08002509   Thumb Code   336  stm32f4xx_hal_uart.o(i.HAL_UART_IRQHandler)
    HAL_UART_Init                            0x0800265d   Thumb Code   114  stm32f4xx_hal_uart.o(i.HAL_UART_Init)
    HAL_UART_MspInit                         0x080026d1   Thumb Code   586  usart.o(i.HAL_UART_MspInit)
    HAL_UART_RxCpltCallback                  0x0800293d   Thumb Code     2  stm32f4xx_hal_uart.o(i.HAL_UART_RxCpltCallback)
    HAL_UART_Transmit                        0x0800293f   Thumb Code   216  stm32f4xx_hal_uart.o(i.HAL_UART_Transmit)
    HAL_UART_TxCpltCallback                  0x08002a17   Thumb Code     2  stm32f4xx_hal_uart.o(i.HAL_UART_TxCpltCallback)
    HardFault_Handler                        0x08002a19   Thumb Code     4  stm32f4xx_it.o(i.HardFault_Handler)
    MX_CAN1_Init                             0x08002a1d   Thumb Code    48  can.o(i.MX_CAN1_Init)
    MX_CAN2_Init                             0x08002a55   Thumb Code    48  can.o(i.MX_CAN2_Init)
    MX_FATFS_Init                            0x08002a8d   Thumb Code    16  fatfs.o(i.MX_FATFS_Init)
    MX_FREERTOS_Init                         0x08002aa9   Thumb Code    54  freertos.o(i.MX_FREERTOS_Init)
    MX_GPIO_Init                             0x08002aed   Thumb Code   522  gpio.o(i.MX_GPIO_Init)
    MX_SDIO_SD_Init                          0x08002d11   Thumb Code    26  sdio.o(i.MX_SDIO_SD_Init)
    MX_SPI1_Init                             0x08002d35   Thumb Code    60  spi.o(i.MX_SPI1_Init)
    MX_SPI2_Init                             0x08002d79   Thumb Code    58  spi.o(i.MX_SPI2_Init)
    MX_SPI3_Init                             0x08002dbd   Thumb Code    58  spi.o(i.MX_SPI3_Init)
    MX_SPI4_Init                             0x08002e01   Thumb Code    58  spi.o(i.MX_SPI4_Init)
    MX_TIM2_Init                             0x08002e45   Thumb Code    96  tim.o(i.MX_TIM2_Init)
    MX_UART4_Init                            0x08002ea9   Thumb Code    46  usart.o(i.MX_UART4_Init)
    MX_UART7_Init                            0x08002ee1   Thumb Code    46  usart.o(i.MX_UART7_Init)
    MX_UART8_Init                            0x08002f19   Thumb Code    46  usart.o(i.MX_UART8_Init)
    MX_USART1_UART_Init                      0x08002f51   Thumb Code    46  usart.o(i.MX_USART1_UART_Init)
    MX_USART2_UART_Init                      0x08002f89   Thumb Code    46  usart.o(i.MX_USART2_UART_Init)
    MemManage_Handler                        0x08002fc1   Thumb Code     4  stm32f4xx_it.o(i.MemManage_Handler)
    NMI_Handler                              0x08002fc5   Thumb Code     2  stm32f4xx_it.o(i.NMI_Handler)
    SDIO_ConfigData                          0x08002fc7   Thumb Code    44  stm32f4xx_ll_sdmmc.o(i.SDIO_ConfigData)
    SDIO_GetCommandResponse                  0x08002ff3   Thumb Code     8  stm32f4xx_ll_sdmmc.o(i.SDIO_GetCommandResponse)
    SDIO_GetPowerState                       0x08002ffb   Thumb Code    10  stm32f4xx_ll_sdmmc.o(i.SDIO_GetPowerState)
    SDIO_GetResponse                         0x08003005   Thumb Code    12  stm32f4xx_ll_sdmmc.o(i.SDIO_GetResponse)
    SDIO_Init                                0x08003011   Thumb Code    52  stm32f4xx_ll_sdmmc.o(i.SDIO_Init)
    SDIO_PowerState_ON                       0x08003045   Thumb Code    18  stm32f4xx_ll_sdmmc.o(i.SDIO_PowerState_ON)
    SDIO_ReadFIFO                            0x08003057   Thumb Code     8  stm32f4xx_ll_sdmmc.o(i.SDIO_ReadFIFO)
    SDIO_SendCommand                         0x0800305f   Thumb Code    40  stm32f4xx_ll_sdmmc.o(i.SDIO_SendCommand)
    SDMMC_CmdAppCommand                      0x08003087   Thumb Code    56  stm32f4xx_ll_sdmmc.o(i.SDMMC_CmdAppCommand)
    SDMMC_CmdAppOperCommand                  0x080030c1   Thumb Code    54  stm32f4xx_ll_sdmmc.o(i.SDMMC_CmdAppOperCommand)
    SDMMC_CmdBlockLength                     0x080030fd   Thumb Code    56  stm32f4xx_ll_sdmmc.o(i.SDMMC_CmdBlockLength)
    SDMMC_CmdBusWidth                        0x08003135   Thumb Code    56  stm32f4xx_ll_sdmmc.o(i.SDMMC_CmdBusWidth)
    SDMMC_CmdGoIdleState                     0x0800316d   Thumb Code    44  stm32f4xx_ll_sdmmc.o(i.SDMMC_CmdGoIdleState)
    SDMMC_CmdOperCond                        0x08003199   Thumb Code    52  stm32f4xx_ll_sdmmc.o(i.SDMMC_CmdOperCond)
    SDMMC_CmdReadMultiBlock                  0x080031cd   Thumb Code    56  stm32f4xx_ll_sdmmc.o(i.SDMMC_CmdReadMultiBlock)
    SDMMC_CmdReadSingleBlock                 0x08003205   Thumb Code    56  stm32f4xx_ll_sdmmc.o(i.SDMMC_CmdReadSingleBlock)
    SDMMC_CmdSelDesel                        0x0800323d   Thumb Code    58  stm32f4xx_ll_sdmmc.o(i.SDMMC_CmdSelDesel)
    SDMMC_CmdSendCID                         0x08003277   Thumb Code    50  stm32f4xx_ll_sdmmc.o(i.SDMMC_CmdSendCID)
    SDMMC_CmdSendCSD                         0x080032a9   Thumb Code    50  stm32f4xx_ll_sdmmc.o(i.SDMMC_CmdSendCSD)
    SDMMC_CmdSendSCR                         0x080032db   Thumb Code    56  stm32f4xx_ll_sdmmc.o(i.SDMMC_CmdSendSCR)
    SDMMC_CmdSendStatus                      0x08003313   Thumb Code    56  stm32f4xx_ll_sdmmc.o(i.SDMMC_CmdSendStatus)
    SDMMC_CmdSetRelAdd                       0x0800334b   Thumb Code    56  stm32f4xx_ll_sdmmc.o(i.SDMMC_CmdSetRelAdd)
    SDMMC_CmdStopTransfer                    0x08003385   Thumb Code    54  stm32f4xx_ll_sdmmc.o(i.SDMMC_CmdStopTransfer)
    SDMMC_CmdWriteMultiBlock                 0x080033c1   Thumb Code    56  stm32f4xx_ll_sdmmc.o(i.SDMMC_CmdWriteMultiBlock)
    SDMMC_CmdWriteSingleBlock                0x080033f9   Thumb Code    56  stm32f4xx_ll_sdmmc.o(i.SDMMC_CmdWriteSingleBlock)
    SD_initialize                            0x08003d1d   Thumb Code    94  sd_diskio.o(i.SD_initialize)
    SD_ioctl                                 0x08003d89   Thumb Code   102  sd_diskio.o(i.SD_ioctl)
    SD_read                                  0x08003df5   Thumb Code   126  sd_diskio.o(i.SD_read)
    SD_status                                0x08003e79   Thumb Code    12  sd_diskio.o(i.SD_status)
    SD_write                                 0x08003e85   Thumb Code   124  sd_diskio.o(i.SD_write)
    StartDefaultTask                         0x08004019   Thumb Code    10  freertos.o(i.StartDefaultTask)
    StartModBusTask                          0x08004023   Thumb Code    36  freertos.o(i.StartModBusTask)
    SysTick_Handler                          0x08004049   Thumb Code    46  port.o(i.SysTick_Handler)
    SystemClock_Config                       0x0800407d   Thumb Code   180  main.o(i.SystemClock_Config)
    SystemInit                               0x08004139   Thumb Code    24  system_stm32f4xx.o(i.SystemInit)
    TIM2_IRQHandler                          0x08004155   Thumb Code    64  stm32f4xx_it.o(i.TIM2_IRQHandler)
    TIM8_TRG_COM_TIM14_IRQHandler            0x080041a1   Thumb Code    10  stm32f4xx_it.o(i.TIM8_TRG_COM_TIM14_IRQHandler)
    TIM_Base_SetConfig                       0x080041b1   Thumb Code   170  stm32f4xx_hal_tim.o(i.TIM_Base_SetConfig)
    TIM_ETR_SetConfig                        0x08004289   Thumb Code    22  stm32f4xx_hal_tim.o(i.TIM_ETR_SetConfig)
    UART4_IRQHandler                         0x08004301   Thumb Code   102  stm32f4xx_it.o(i.UART4_IRQHandler)
    UART7_IRQHandler                         0x08004375   Thumb Code    10  stm32f4xx_it.o(i.UART7_IRQHandler)
    UsageFault_Handler                       0x0800493d   Thumb Code     4  stm32f4xx_it.o(i.UsageFault_Handler)
    __scatterload_copy                       0x08004979   Thumb Code    14  handlers.o(i.__scatterload_copy)
    __scatterload_null                       0x08004987   Thumb Code     2  handlers.o(i.__scatterload_null)
    __scatterload_zeroinit                   0x08004989   Thumb Code    14  handlers.o(i.__scatterload_zeroinit)
    eMBEnable                                0x08004999   Thumb Code    32  mb.o(i.eMBEnable)
    eMBFuncReadCoils                         0x080049c1   Thumb Code   174  mbfunccoils.o(i.eMBFuncReadCoils)
    eMBFuncReadDiscreteInputs                0x08004a6f   Thumb Code   172  mbfuncdisc.o(i.eMBFuncReadDiscreteInputs)
    eMBFuncReadHoldingRegister               0x08004b1b   Thumb Code   142  mbfuncholding.o(i.eMBFuncReadHoldingRegister)
    eMBFuncReadInputRegister                 0x08004ba9   Thumb Code   140  mbfuncinput.o(i.eMBFuncReadInputRegister)
    eMBFuncReadWriteMultipleHoldingRegister  0x08004c35   Thumb Code   212  mbfuncholding.o(i.eMBFuncReadWriteMultipleHoldingRegister)
    eMBFuncReportSlaveID                     0x08004d09   Thumb Code    30  mbfuncother.o(i.eMBFuncReportSlaveID)
    eMBFuncWriteCoil                         0x08004d31   Thumb Code   112  mbfunccoils.o(i.eMBFuncWriteCoil)
    eMBFuncWriteHoldingRegister              0x08004da1   Thumb Code    66  mbfuncholding.o(i.eMBFuncWriteHoldingRegister)
    eMBFuncWriteMultipleCoils                0x08004de3   Thumb Code   144  mbfunccoils.o(i.eMBFuncWriteMultipleCoils)
    eMBFuncWriteMultipleHoldingRegister      0x08004e73   Thumb Code   110  mbfuncholding.o(i.eMBFuncWriteMultipleHoldingRegister)
    eMBInit                                  0x08004ee1   Thumb Code   150  mb.o(i.eMBInit)
    eMBPoll                                  0x08004fc1   Thumb Code   260  mb.o(i.eMBPoll)
    eMBRTUInit                               0x080050ed   Thumb Code    80  mbrtu.o(i.eMBRTUInit)
    eMBRTUReceive                            0x08005141   Thumb Code    66  mbrtu.o(i.eMBRTUReceive)
    eMBRTUSend                               0x0800518d   Thumb Code   120  mbrtu.o(i.eMBRTUSend)
    eMBRTUStart                              0x08005219   Thumb Code    26  mbrtu.o(i.eMBRTUStart)
    eMBRTUStop                               0x08005239   Thumb Code    20  mbrtu.o(i.eMBRTUStop)
    eMBRegCoilsCB                            0x0800524d   Thumb Code    14  freertos.o(i.eMBRegCoilsCB)
    eMBRegDiscreteCB                         0x0800525b   Thumb Code    12  freertos.o(i.eMBRegDiscreteCB)
    eMBRegHoldingCB                          0x08005269   Thumb Code   260  freertos.o(i.eMBRegHoldingCB)
    eMBRegInputCB                            0x08005375   Thumb Code    16  freertos.o(i.eMBRegInputCB)
    main                                     0x08005395   Thumb Code    80  main.o(i.main)
    osDelay                                  0x080053f3   Thumb Code    24  cmsis_os.o(i.osDelay)
    osKernelRunning                          0x0800540b   Thumb Code    18  cmsis_os.o(i.osKernelRunning)
    osKernelStart                            0x0800541d   Thumb Code    10  cmsis_os.o(i.osKernelStart)
    osKernelSysTick                          0x08005427   Thumb Code    20  cmsis_os.o(i.osKernelSysTick)
    osMessageCreate                          0x0800543b   Thumb Code    40  cmsis_os.o(i.osMessageCreate)
    osMessageGet                             0x08005465   Thumb Code   150  cmsis_os.o(i.osMessageGet)
    osMessagePut                             0x08005501   Thumb Code    92  cmsis_os.o(i.osMessagePut)
    osThreadCreate                           0x08005561   Thumb Code    94  cmsis_os.o(i.osThreadCreate)
    prveMBError2Exception                    0x08005bc7   Thumb Code    34  mbutils.o(i.prveMBError2Exception)
    pvPortMalloc                             0x08005be9   Thumb Code   296  heap_4.o(i.pvPortMalloc)
    pxPortInitialiseStack                    0x08005d25   Thumb Code    38  port.o(i.pxPortInitialiseStack)
    usMBCRC16                                0x08005d51   Thumb Code    48  mbcrc.o(i.usMBCRC16)
    uxListRemove                             0x08005d89   Thumb Code    40  list.o(i.uxListRemove)
    vApplicationGetIdleTaskMemory            0x08005db1   Thumb Code    14  freertos.o(i.vApplicationGetIdleTaskMemory)
    vListInitialise                          0x08005dc9   Thumb Code    26  list.o(i.vListInitialise)
    vListInitialiseItem                      0x08005de3   Thumb Code     6  list.o(i.vListInitialiseItem)
    vListInsert                              0x08005de9   Thumb Code    52  list.o(i.vListInsert)
    vListInsertEnd                           0x08005e1d   Thumb Code    24  list.o(i.vListInsertEnd)
    vMBPortSerialEnable                      0x08005e35   Thumb Code   118  portserial.o(i.vMBPortSerialEnable)
    vMBPortTimersDisable                     0x08005eb5   Thumb Code    10  porttimer.o(i.vMBPortTimersDisable)
    vMBPortTimersEnable                      0x08005ec5   Thumb Code    18  porttimer.o(i.vMBPortTimersEnable)
    vPortEnterCritical                       0x08005ee5   Thumb Code    76  port.o(i.vPortEnterCritical)
    vPortExitCritical                        0x08005f39   Thumb Code    56  port.o(i.vPortExitCritical)
    vPortFree                                0x08005f75   Thumb Code   140  heap_4.o(i.vPortFree)
    vPortSetupTimerInterrupt                 0x08006009   Thumb Code    36  port.o(i.vPortSetupTimerInterrupt)
    vPortValidateInterruptPriority           0x08006031   Thumb Code   106  port.o(i.vPortValidateInterruptPriority)
    vTaskDelay                               0x080060a9   Thumb Code    82  tasks.o(i.vTaskDelay)
    vTaskInternalSetTimeOutState             0x08006105   Thumb Code    14  tasks.o(i.vTaskInternalSetTimeOutState)
    vTaskMissedYield                         0x0800611d   Thumb Code     8  tasks.o(i.vTaskMissedYield)
    vTaskPlaceOnEventList                    0x08006129   Thumb Code    52  tasks.o(i.vTaskPlaceOnEventList)
    vTaskStartScheduler                      0x08006161   Thumb Code   146  tasks.o(i.vTaskStartScheduler)
    vTaskSuspendAll                          0x08006211   Thumb Code    12  tasks.o(i.vTaskSuspendAll)
    vTaskSwitchContext                       0x08006221   Thumb Code   118  tasks.o(i.vTaskSwitchContext)
    xMBPortEventGet                          0x080062ad   Thumb Code    26  portevent.o(i.xMBPortEventGet)
    xMBPortEventInit                         0x080062d1   Thumb Code    10  portevent.o(i.xMBPortEventInit)
    xMBPortEventPost                         0x080062e1   Thumb Code    16  portevent.o(i.xMBPortEventPost)
    xMBPortSerialGetByte                     0x080062f9   Thumb Code    16  portserial.o(i.xMBPortSerialGetByte)
    xMBPortSerialInit                        0x0800630d   Thumb Code   126  portserial.o(i.xMBPortSerialInit)
    xMBPortSerialPutByte                     0x08006395   Thumb Code    22  portserial.o(i.xMBPortSerialPutByte)
    xMBPortTimersInit                        0x080063b1   Thumb Code    82  porttimer.o(i.xMBPortTimersInit)
    xMBRTUReceiveFSM                         0x08006411   Thumb Code   122  mbrtu.o(i.xMBRTUReceiveFSM)
    xMBRTUTimerT35Expired                    0x08006499   Thumb Code    60  mbrtu.o(i.xMBRTUTimerT35Expired)
    xMBRTUTransmitFSM                        0x080064d9   Thumb Code    94  mbrtu.o(i.xMBRTUTransmitFSM)
    xPortStartScheduler                      0x08006545   Thumb Code   330  port.o(i.xPortStartScheduler)
    xQueueGenericCreate                      0x080066ad   Thumb Code    96  queue.o(i.xQueueGenericCreate)
    xQueueGenericCreateStatic                0x0800670d   Thumb Code   224  queue.o(i.xQueueGenericCreateStatic)
    xQueueGenericReset                       0x080067ed   Thumb Code   146  queue.o(i.xQueueGenericReset)
    xQueueGenericSend                        0x08006885   Thumb Code   420  queue.o(i.xQueueGenericSend)
    xQueueGenericSendFromISR                 0x08006a2d   Thumb Code   248  queue.o(i.xQueueGenericSendFromISR)
    xQueueReceive                            0x08006b25   Thumb Code   356  queue.o(i.xQueueReceive)
    xQueueReceiveFromISR                     0x08006c8d   Thumb Code   202  queue.o(i.xQueueReceiveFromISR)
    xTaskCheckForTimeOut                     0x08006d59   Thumb Code   132  tasks.o(i.xTaskCheckForTimeOut)
    xTaskCreate                              0x08006de5   Thumb Code   100  tasks.o(i.xTaskCreate)
    xTaskCreateStatic                        0x08006e49   Thumb Code   186  tasks.o(i.xTaskCreateStatic)
    xTaskGetSchedulerState                   0x08006f05   Thumb Code    24  tasks.o(i.xTaskGetSchedulerState)
    xTaskGetTickCount                        0x08006f25   Thumb Code     6  tasks.o(i.xTaskGetTickCount)
    xTaskGetTickCountFromISR                 0x08006f31   Thumb Code    16  tasks.o(i.xTaskGetTickCountFromISR)
    xTaskIncrementTick                       0x08006f45   Thumb Code   282  tasks.o(i.xTaskIncrementTick)
    xTaskPriorityDisinherit                  0x0800708d   Thumb Code   188  tasks.o(i.xTaskPriorityDisinherit)
    xTaskRemoveFromEventList                 0x08007155   Thumb Code   128  tasks.o(i.xTaskRemoveFromEventList)
    xTaskResumeAll                           0x080071ed   Thumb Code   224  tasks.o(i.xTaskResumeAll)
    SD_Driver                                0x080072f0   Data          20  sd_diskio.o(.constdata)
    AHBPrescTable                            0x0800734c   Data          16  system_stm32f4xx.o(.constdata)
    APBPrescTable                            0x0800735c   Data           8  system_stm32f4xx.o(.constdata)
    Region$$Table$$Base                      0x0800757c   Number         0  anon$$obj.o(Region$$Table)
    Region$$Table$$Limit                     0x0800759c   Number         0  anon$$obj.o(Region$$Table)
    retSD                                    0x2000000c   Data           1  fatfs.o(.data)
    SDPath                                   0x2000000d   Data           4  fatfs.o(.data)
    start                                    0x20000014   Data           4  freertos.o(.data)
    defaultTaskHandle                        0x20000018   Data           4  freertos.o(.data)
    ModBusTaskHandle                         0x2000001c   Data           4  freertos.o(.data)
    uwTick                                   0x20000020   Data           4  stm32f4xx_hal.o(.data)
    uwTickPrio                               0x20000024   Data           4  stm32f4xx_hal.o(.data)
    uwTickFreq                               0x20000028   Data           1  stm32f4xx_hal.o(.data)
    SystemCoreClock                          0x2000002c   Data           4  system_stm32f4xx.o(.data)
    pxCurrentTCB                             0x20000030   Data           4  tasks.o(.data)
    timeout                                  0x20000090   Data           2  porttimer.o(.data)
    downcounter                              0x20000092   Data           2  porttimer.o(.data)
    serial                                   0x20000094   Data           4  portserial.o(.data)
    pxMBFrameCBByteReceived                  0x200000b4   Data           4  mb.o(.data)
    pxMBFrameCBTransmitterEmpty              0x200000b8   Data           4  mb.o(.data)
    pxMBPortCBTimerExpired                   0x200000bc   Data           4  mb.o(.data)
    pxMBFrameCBReceiveFSMCur                 0x200000c0   Data           4  mb.o(.data)
    pxMBFrameCBTransmitFSMCur                0x200000c4   Data           4  mb.o(.data)
    hcan1                                    0x20000164   Data          40  can.o(.bss)
    hcan2                                    0x2000018c   Data          40  can.o(.bss)
    hsd                                      0x20000408   Data         132  sdio.o(.bss)
    hspi1                                    0x2000048c   Data          88  spi.o(.bss)
    hspi2                                    0x200004e4   Data          88  spi.o(.bss)
    hspi3                                    0x2000053c   Data          88  spi.o(.bss)
    hspi4                                    0x20000594   Data          88  spi.o(.bss)
    htim2                                    0x200005ec   Data          64  tim.o(.bss)
    huart4                                   0x2000062c   Data          64  usart.o(.bss)
    huart7                                   0x2000066c   Data          64  usart.o(.bss)
    huart8                                   0x200006ac   Data          64  usart.o(.bss)
    huart1                                   0x200006ec   Data          64  usart.o(.bss)
    huart2                                   0x2000072c   Data          64  usart.o(.bss)
    htim14                                   0x2000076c   Data          64  stm32f4xx_hal_timebase_tim.o(.bss)
    disk                                     0x2000449c   Data          12  ff_gen_drv.o(.bss)
    ucRTUBuf                                 0x200044a8   Data         256  mbrtu.o(.bss)
    __initial_sp                             0x200049c8   Data           0  startup_stm32f427xx.o(STACK)



==============================================================================

Memory Map of the image

  Image Entry point : 0x080001ad

  Load Region LR_IROM1 (Base: 0x08000000, Size: 0x00007700, Max: 0x00200000, ABSOLUTE, COMPRESSED[0x000075f0])

    Execution Region ER_IROM1 (Base: 0x08000000, Size: 0x0000759c, Max: 0x00200000, ABSOLUTE)

    Base Addr    Size         Type   Attr      Idx    E Section Name        Object

    0x08000000   0x000001ac   Data   RO            3    RESET               startup_stm32f427xx.o
    0x080001ac   0x00000000   Code   RO         7074  * .ARM.Collect$$$$00000000  mc_w.l(entry.o)
    0x080001ac   0x00000004   Code   RO         7087    .ARM.Collect$$$$00000001  mc_w.l(entry2.o)
    0x080001b0   0x00000004   Code   RO         7090    .ARM.Collect$$$$00000004  mc_w.l(entry5.o)
    0x080001b4   0x00000000   Code   RO         7092    .ARM.Collect$$$$00000008  mc_w.l(entry7b.o)
    0x080001b4   0x00000000   Code   RO         7094    .ARM.Collect$$$$0000000A  mc_w.l(entry8b.o)
    0x080001b4   0x00000008   Code   RO         7095    .ARM.Collect$$$$0000000B  mc_w.l(entry9a.o)
    0x080001bc   0x00000000   Code   RO         7097    .ARM.Collect$$$$0000000D  mc_w.l(entry10a.o)
    0x080001bc   0x00000000   Code   RO         7099    .ARM.Collect$$$$0000000F  mc_w.l(entry11a.o)
    0x080001bc   0x00000004   Code   RO         7088    .ARM.Collect$$$$00002712  mc_w.l(entry2.o)
    0x080001c0   0x000000be   Code   RO         5947    .emb_text           port.o
    0x0800027e   0x00000002   PAD
    0x08000280   0x00000024   Code   RO            4    .text               startup_stm32f427xx.o
    0x080002a4   0x00000062   Code   RO         7077    .text               mc_w.l(uldiv.o)
    0x08000306   0x00000024   Code   RO         7079    .text               mc_w.l(memcpya.o)
    0x0800032a   0x00000024   Code   RO         7083    .text               mc_w.l(memseta.o)
    0x0800034e   0x0000001e   Code   RO         7101    .text               mc_w.l(llshl.o)
    0x0800036c   0x00000020   Code   RO         7103    .text               mc_w.l(llushr.o)
    0x0800038c   0x00000024   Code   RO         7105    .text               mc_w.l(init.o)
    0x080003b0   0x00000056   Code   RO         7115    .text               mc_w.l(__dczerorl2.o)
    0x08000406   0x00000002   PAD
    0x08000408   0x00000018   Code   RO          579    i.BSP_PlatformIsDetected  fatfs_platform.o
    0x08000420   0x00000014   Code   RO          334    i.BSP_SD_GetCardInfo  bsp_driver_sd.o
    0x08000434   0x00000018   Code   RO          335    i.BSP_SD_GetCardState  bsp_driver_sd.o
    0x0800044c   0x00000030   Code   RO          337    i.BSP_SD_Init       bsp_driver_sd.o
    0x0800047c   0x00000016   Code   RO          338    i.BSP_SD_IsDetected  bsp_driver_sd.o
    0x08000492   0x00000002   PAD
    0x08000494   0x00000028   Code   RO          340    i.BSP_SD_ReadBlocks_DMA  bsp_driver_sd.o
    0x080004bc   0x00000014   Code   RO          452    i.BSP_SD_ReadCpltCallback  sd_diskio.o
    0x080004d0   0x00000028   Code   RO          343    i.BSP_SD_WriteBlocks_DMA  bsp_driver_sd.o
    0x080004f8   0x00000004   Code   RO          919    i.BusFault_Handler  stm32f4xx_it.o
    0x080004fc   0x0000002c   Code   RO         1861    i.DMA_SetConfig     stm32f4xx_hal_dma.o
    0x08000528   0x00000002   Code   RO          920    i.DebugMon_Handler  stm32f4xx_it.o
    0x0800052a   0x00000002   Code   RO           13    i.Error_Handler     main.o
    0x0800052c   0x00000012   Code   RO         6449    i.FATFS_LinkDriver  ff_gen_drv.o
    0x0800053e   0x00000002   PAD
    0x08000540   0x00000054   Code   RO         6450    i.FATFS_LinkDriverEx  ff_gen_drv.o
    0x08000594   0x00000174   Code   RO         1078    i.HAL_CAN_Init      stm32f4xx_hal_can.o
    0x08000708   0x00000144   Code   RO          283    i.HAL_CAN_MspInit   can.o
    0x0800084c   0x00000028   Code   RO         1863    i.HAL_DMA_Abort_IT  stm32f4xx_hal_dma.o
    0x08000874   0x00000006   Code   RO         1865    i.HAL_DMA_GetError  stm32f4xx_hal_dma.o
    0x0800087a   0x00000092   Code   RO         1872    i.HAL_DMA_Start_IT  stm32f4xx_hal_dma.o
    0x0800090c   0x00000028   Code   RO         2304    i.HAL_Delay         stm32f4xx_hal.o
    0x08000934   0x0000021c   Code   RO         1755    i.HAL_GPIO_Init     stm32f4xx_hal_gpio.o
    0x08000b50   0x00000010   Code   RO         1757    i.HAL_GPIO_ReadPin  stm32f4xx_hal_gpio.o
    0x08000b60   0x0000000c   Code   RO         1759    i.HAL_GPIO_WritePin  stm32f4xx_hal_gpio.o
    0x08000b6c   0x0000000c   Code   RO         2312    i.HAL_GetTick       stm32f4xx_hal.o
    0x08000b78   0x00000018   Code   RO         2318    i.HAL_IncTick       stm32f4xx_hal.o
    0x08000b90   0x0000003c   Code   RO         2319    i.HAL_Init          stm32f4xx_hal.o
    0x08000bcc   0x0000008c   Code   RO         1025    i.HAL_InitTick      stm32f4xx_hal_timebase_tim.o
    0x08000c58   0x00000054   Code   RO         1001    i.HAL_MspInit       stm32f4xx_hal_msp.o
    0x08000cac   0x00000020   Code   RO         2162    i.HAL_NVIC_EnableIRQ  stm32f4xx_hal_cortex.o
    0x08000ccc   0x0000007c   Code   RO         2168    i.HAL_NVIC_SetPriority  stm32f4xx_hal_cortex.o
    0x08000d48   0x00000028   Code   RO         2169    i.HAL_NVIC_SetPriorityGrouping  stm32f4xx_hal_cortex.o
    0x08000d70   0x0000008c   Code   RO         2091    i.HAL_PWREx_EnableOverDrive  stm32f4xx_hal_pwr_ex.o
    0x08000dfc   0x00000184   Code   RO         1299    i.HAL_RCC_ClockConfig  stm32f4xx_hal_rcc.o
    0x08000f80   0x00000044   Code   RO         1303    i.HAL_RCC_GetClockConfig  stm32f4xx_hal_rcc.o
    0x08000fc4   0x0000000c   Code   RO         1304    i.HAL_RCC_GetHCLKFreq  stm32f4xx_hal_rcc.o
    0x08000fd0   0x00000020   Code   RO         1306    i.HAL_RCC_GetPCLK1Freq  stm32f4xx_hal_rcc.o
    0x08000ff0   0x00000020   Code   RO         1307    i.HAL_RCC_GetPCLK2Freq  stm32f4xx_hal_rcc.o
    0x08001010   0x000000b0   Code   RO         1308    i.HAL_RCC_GetSysClockFreq  stm32f4xx_hal_rcc.o
    0x080010c0   0x00000488   Code   RO         1311    i.HAL_RCC_OscConfig  stm32f4xx_hal_rcc.o
    0x08001548   0x000000a8   Code   RO         2846    i.HAL_SD_ConfigWideBusOperation  stm32f4xx_hal_sd.o
    0x080015f0   0x00000002   Code   RO         2849    i.HAL_SD_ErrorCallback  stm32f4xx_hal_sd.o
    0x080015f2   0x00000002   PAD
    0x080015f4   0x000001c8   Code   RO         2851    i.HAL_SD_GetCardCSD  stm32f4xx_hal_sd.o
    0x080017bc   0x00000026   Code   RO         2852    i.HAL_SD_GetCardInfo  stm32f4xx_hal_sd.o
    0x080017e2   0x00000024   Code   RO         2853    i.HAL_SD_GetCardState  stm32f4xx_hal_sd.o
    0x08001806   0x0000003c   Code   RO         2858    i.HAL_SD_Init       stm32f4xx_hal_sd.o
    0x08001842   0x00000002   PAD
    0x08001844   0x00000084   Code   RO         2859    i.HAL_SD_InitCard   stm32f4xx_hal_sd.o
    0x080018c8   0x000000e4   Code   RO          710    i.HAL_SD_MspInit    sdio.o
    0x080019ac   0x00000154   Code   RO         2863    i.HAL_SD_ReadBlocks_DMA  stm32f4xx_hal_sd.o
    0x08001b00   0x0000000a   Code   RO          346    i.HAL_SD_RxCpltCallback  bsp_driver_sd.o
    0x08001b0a   0x00000002   PAD
    0x08001b0c   0x00000158   Code   RO         2868    i.HAL_SD_WriteBlocks_DMA  stm32f4xx_hal_sd.o
    0x08001c64   0x0000008c   Code   RO         3109    i.HAL_SPI_Init      stm32f4xx_hal_spi.o
    0x08001cf0   0x00000220   Code   RO          752    i.HAL_SPI_MspInit   spi.o
    0x08001f10   0x000001a2   Code   RO         3117    i.HAL_SPI_Transmit  stm32f4xx_hal_spi.o
    0x080020b2   0x00000002   Code   RO         4108    i.HAL_TIMEx_BreakCallback  stm32f4xx_hal_tim_ex.o
    0x080020b4   0x00000002   Code   RO         4109    i.HAL_TIMEx_CommutCallback  stm32f4xx_hal_tim_ex.o
    0x080020b6   0x00000002   PAD
    0x080020b8   0x000000b4   Code   RO         4126    i.HAL_TIMEx_MasterConfigSynchronization  stm32f4xx_hal_tim_ex.o
    0x0800216c   0x00000034   Code   RO         3422    i.HAL_TIM_Base_Init  stm32f4xx_hal_tim.o
    0x080021a0   0x00000044   Code   RO          812    i.HAL_TIM_Base_MspInit  tim.o
    0x080021e4   0x0000002a   Code   RO         3427    i.HAL_TIM_Base_Start_IT  stm32f4xx_hal_tim.o
    0x0800220e   0x00000038   Code   RO         3430    i.HAL_TIM_Base_Stop_IT  stm32f4xx_hal_tim.o
    0x08002246   0x00000108   Code   RO         3431    i.HAL_TIM_ConfigClockSource  stm32f4xx_hal_tim.o
    0x0800234e   0x00000002   Code   RO         3451    i.HAL_TIM_IC_CaptureCallback  stm32f4xx_hal_tim.o
    0x08002350   0x00000196   Code   RO         3465    i.HAL_TIM_IRQHandler  stm32f4xx_hal_tim.o
    0x080024e6   0x00000002   Code   RO         3468    i.HAL_TIM_OC_DelayElapsedCallback  stm32f4xx_hal_tim.o
    0x080024e8   0x00000002   Code   RO         3495    i.HAL_TIM_PWM_PulseFinishedCallback  stm32f4xx_hal_tim.o
    0x080024ea   0x00000002   PAD
    0x080024ec   0x00000018   Code   RO           14    i.HAL_TIM_PeriodElapsedCallback  main.o
    0x08002504   0x00000002   Code   RO         3508    i.HAL_TIM_TriggerCallback  stm32f4xx_hal_tim.o
    0x08002506   0x00000002   Code   RO         4380    i.HAL_UART_ErrorCallback  stm32f4xx_hal_uart.o
    0x08002508   0x00000154   Code   RO         4383    i.HAL_UART_IRQHandler  stm32f4xx_hal_uart.o
    0x0800265c   0x00000072   Code   RO         4384    i.HAL_UART_Init     stm32f4xx_hal_uart.o
    0x080026ce   0x00000002   PAD
    0x080026d0   0x0000026c   Code   RO          854    i.HAL_UART_MspInit  usart.o
    0x0800293c   0x00000002   Code   RO         4390    i.HAL_UART_RxCpltCallback  stm32f4xx_hal_uart.o
    0x0800293e   0x000000d8   Code   RO         4392    i.HAL_UART_Transmit  stm32f4xx_hal_uart.o
    0x08002a16   0x00000002   Code   RO         4395    i.HAL_UART_TxCpltCallback  stm32f4xx_hal_uart.o
    0x08002a18   0x00000004   Code   RO          921    i.HardFault_Handler  stm32f4xx_it.o
    0x08002a1c   0x00000038   Code   RO          284    i.MX_CAN1_Init      can.o
    0x08002a54   0x00000038   Code   RO          285    i.MX_CAN2_Init      can.o
    0x08002a8c   0x0000001c   Code   RO          542    i.MX_FATFS_Init     fatfs.o
    0x08002aa8   0x00000044   Code   RO          603    i.MX_FREERTOS_Init  freertos.o
    0x08002aec   0x00000224   Code   RO          258    i.MX_GPIO_Init      gpio.o
    0x08002d10   0x00000024   Code   RO          711    i.MX_SDIO_SD_Init   sdio.o
    0x08002d34   0x00000044   Code   RO          753    i.MX_SPI1_Init      spi.o
    0x08002d78   0x00000044   Code   RO          754    i.MX_SPI2_Init      spi.o
    0x08002dbc   0x00000044   Code   RO          755    i.MX_SPI3_Init      spi.o
    0x08002e00   0x00000044   Code   RO          756    i.MX_SPI4_Init      spi.o
    0x08002e44   0x00000064   Code   RO          813    i.MX_TIM2_Init      tim.o
    0x08002ea8   0x00000038   Code   RO          855    i.MX_UART4_Init     usart.o
    0x08002ee0   0x00000038   Code   RO          856    i.MX_UART7_Init     usart.o
    0x08002f18   0x00000038   Code   RO          857    i.MX_UART8_Init     usart.o
    0x08002f50   0x00000038   Code   RO          858    i.MX_USART1_UART_Init  usart.o
    0x08002f88   0x00000038   Code   RO          859    i.MX_USART2_UART_Init  usart.o
    0x08002fc0   0x00000004   Code   RO          922    i.MemManage_Handler  stm32f4xx_it.o
    0x08002fc4   0x00000002   Code   RO          923    i.NMI_Handler       stm32f4xx_it.o
    0x08002fc6   0x0000002c   Code   RO         2567    i.SDIO_ConfigData   stm32f4xx_ll_sdmmc.o
    0x08002ff2   0x00000008   Code   RO         2568    i.SDIO_GetCommandResponse  stm32f4xx_ll_sdmmc.o
    0x08002ffa   0x0000000a   Code   RO         2571    i.SDIO_GetPowerState  stm32f4xx_ll_sdmmc.o
    0x08003004   0x0000000c   Code   RO         2572    i.SDIO_GetResponse  stm32f4xx_ll_sdmmc.o
    0x08003010   0x00000034   Code   RO         2573    i.SDIO_Init         stm32f4xx_ll_sdmmc.o
    0x08003044   0x00000012   Code   RO         2575    i.SDIO_PowerState_ON  stm32f4xx_ll_sdmmc.o
    0x08003056   0x00000008   Code   RO         2576    i.SDIO_ReadFIFO     stm32f4xx_ll_sdmmc.o
    0x0800305e   0x00000028   Code   RO         2577    i.SDIO_SendCommand  stm32f4xx_ll_sdmmc.o
    0x08003086   0x00000038   Code   RO         2580    i.SDMMC_CmdAppCommand  stm32f4xx_ll_sdmmc.o
    0x080030be   0x00000002   PAD
    0x080030c0   0x0000003c   Code   RO         2581    i.SDMMC_CmdAppOperCommand  stm32f4xx_ll_sdmmc.o
    0x080030fc   0x00000038   Code   RO         2582    i.SDMMC_CmdBlockLength  stm32f4xx_ll_sdmmc.o
    0x08003134   0x00000038   Code   RO         2583    i.SDMMC_CmdBusWidth  stm32f4xx_ll_sdmmc.o
    0x0800316c   0x0000002c   Code   RO         2587    i.SDMMC_CmdGoIdleState  stm32f4xx_ll_sdmmc.o
    0x08003198   0x00000034   Code   RO         2589    i.SDMMC_CmdOperCond  stm32f4xx_ll_sdmmc.o
    0x080031cc   0x00000038   Code   RO         2590    i.SDMMC_CmdReadMultiBlock  stm32f4xx_ll_sdmmc.o
    0x08003204   0x00000038   Code   RO         2591    i.SDMMC_CmdReadSingleBlock  stm32f4xx_ll_sdmmc.o
    0x0800323c   0x0000003a   Code   RO         2594    i.SDMMC_CmdSelDesel  stm32f4xx_ll_sdmmc.o
    0x08003276   0x00000032   Code   RO         2595    i.SDMMC_CmdSendCID  stm32f4xx_ll_sdmmc.o
    0x080032a8   0x00000032   Code   RO         2596    i.SDMMC_CmdSendCSD  stm32f4xx_ll_sdmmc.o
    0x080032da   0x00000038   Code   RO         2597    i.SDMMC_CmdSendSCR  stm32f4xx_ll_sdmmc.o
    0x08003312   0x00000038   Code   RO         2598    i.SDMMC_CmdSendStatus  stm32f4xx_ll_sdmmc.o
    0x0800334a   0x00000038   Code   RO         2599    i.SDMMC_CmdSetRelAdd  stm32f4xx_ll_sdmmc.o
    0x08003382   0x00000002   PAD
    0x08003384   0x0000003c   Code   RO         2601    i.SDMMC_CmdStopTransfer  stm32f4xx_ll_sdmmc.o
    0x080033c0   0x00000038   Code   RO         2603    i.SDMMC_CmdWriteMultiBlock  stm32f4xx_ll_sdmmc.o
    0x080033f8   0x00000038   Code   RO         2604    i.SDMMC_CmdWriteSingleBlock  stm32f4xx_ll_sdmmc.o
    0x08003430   0x00000040   Code   RO         2605    i.SDMMC_GetCmdError  stm32f4xx_ll_sdmmc.o
    0x08003470   0x000001ac   Code   RO         2606    i.SDMMC_GetCmdResp1  stm32f4xx_ll_sdmmc.o
    0x0800361c   0x00000064   Code   RO         2607    i.SDMMC_GetCmdResp2  stm32f4xx_ll_sdmmc.o
    0x08003680   0x00000058   Code   RO         2608    i.SDMMC_GetCmdResp3  stm32f4xx_ll_sdmmc.o
    0x080036d8   0x000000b8   Code   RO         2609    i.SDMMC_GetCmdResp6  stm32f4xx_ll_sdmmc.o
    0x08003790   0x0000006c   Code   RO         2610    i.SDMMC_GetCmdResp7  stm32f4xx_ll_sdmmc.o
    0x080037fc   0x00000028   Code   RO          454    i.SD_CheckStatus    sd_diskio.o
    0x08003824   0x00000026   Code   RO          455    i.SD_CheckStatusWithTimeout  sd_diskio.o
    0x0800384a   0x00000002   PAD
    0x0800384c   0x00000074   Code   RO         2870    i.SD_DMAError       stm32f4xx_hal_sd.o
    0x080038c0   0x00000048   Code   RO         2871    i.SD_DMAReceiveCplt  stm32f4xx_hal_sd.o
    0x08003908   0x00000012   Code   RO         2873    i.SD_DMATransmitCplt  stm32f4xx_hal_sd.o
    0x0800391a   0x00000134   Code   RO         2875    i.SD_FindSCR        stm32f4xx_hal_sd.o
    0x08003a4e   0x00000102   Code   RO         2876    i.SD_InitCard       stm32f4xx_hal_sd.o
    0x08003b50   0x000000cc   Code   RO         2878    i.SD_PowerON        stm32f4xx_hal_sd.o
    0x08003c1c   0x00000030   Code   RO         2881    i.SD_SendStatus     stm32f4xx_hal_sd.o
    0x08003c4c   0x00000068   Code   RO         2882    i.SD_WideBus_Disable  stm32f4xx_hal_sd.o
    0x08003cb4   0x00000068   Code   RO         2883    i.SD_WideBus_Enable  stm32f4xx_hal_sd.o
    0x08003d1c   0x0000006c   Code   RO          456    i.SD_initialize     sd_diskio.o
    0x08003d88   0x0000006c   Code   RO          457    i.SD_ioctl          sd_diskio.o
    0x08003df4   0x00000084   Code   RO          458    i.SD_read           sd_diskio.o
    0x08003e78   0x0000000c   Code   RO          459    i.SD_status         sd_diskio.o
    0x08003e84   0x00000080   Code   RO          460    i.SD_write          sd_diskio.o
    0x08003f04   0x0000006c   Code   RO         3147    i.SPI_EndRxTxTransaction  stm32f4xx_hal_spi.o
    0x08003f70   0x000000a8   Code   RO         3152    i.SPI_WaitFlagStateUntilTimeout  stm32f4xx_hal_spi.o
    0x08004018   0x0000000a   Code   RO          604    i.StartDefaultTask  freertos.o
    0x08004022   0x00000024   Code   RO          605    i.StartModBusTask   freertos.o
    0x08004046   0x00000002   PAD
    0x08004048   0x00000034   Code   RO         5948    i.SysTick_Handler   port.o
    0x0800407c   0x000000bc   Code   RO           15    i.SystemClock_Config  main.o
    0x08004138   0x0000001c   Code   RO         4691    i.SystemInit        system_stm32f4xx.o
    0x08004154   0x0000004c   Code   RO          924    i.TIM2_IRQHandler   stm32f4xx_it.o
    0x080041a0   0x00000010   Code   RO          925    i.TIM8_TRG_COM_TIM14_IRQHandler  stm32f4xx_it.o
    0x080041b0   0x000000d8   Code   RO         3510    i.TIM_Base_SetConfig  stm32f4xx_hal_tim.o
    0x08004288   0x00000016   Code   RO         3521    i.TIM_ETR_SetConfig  stm32f4xx_hal_tim.o
    0x0800429e   0x00000012   Code   RO         3522    i.TIM_ITRx_SetConfig  stm32f4xx_hal_tim.o
    0x080042b0   0x00000026   Code   RO         3528    i.TIM_TI1_ConfigInputStage  stm32f4xx_hal_tim.o
    0x080042d6   0x00000028   Code   RO         3530    i.TIM_TI2_ConfigInputStage  stm32f4xx_hal_tim.o
    0x080042fe   0x00000002   PAD
    0x08004300   0x00000074   Code   RO          926    i.UART4_IRQHandler  stm32f4xx_it.o
    0x08004374   0x00000010   Code   RO          927    i.UART7_IRQHandler  stm32f4xx_it.o
    0x08004384   0x00000014   Code   RO         4397    i.UART_DMAAbortOnError  stm32f4xx_hal_uart.o
    0x08004398   0x00000020   Code   RO         4407    i.UART_EndRxTransfer  stm32f4xx_hal_uart.o
    0x080043b8   0x00000020   Code   RO         4408    i.UART_EndTransmit_IT  stm32f4xx_hal_uart.o
    0x080043d8   0x000000a6   Code   RO         4410    i.UART_Receive_IT   stm32f4xx_hal_uart.o
    0x0800447e   0x00000002   PAD
    0x08004480   0x000003e8   Code   RO         4411    i.UART_SetConfig    stm32f4xx_hal_uart.o
    0x08004868   0x00000068   Code   RO         4412    i.UART_Transmit_IT  stm32f4xx_hal_uart.o
    0x080048d0   0x0000006c   Code   RO         4413    i.UART_WaitOnFlagUntilTimeout  stm32f4xx_hal_uart.o
    0x0800493c   0x00000004   Code   RO          928    i.UsageFault_Handler  stm32f4xx_it.o
    0x08004940   0x00000010   Code   RO         2175    i.__NVIC_GetPriorityGrouping  stm32f4xx_hal_cortex.o
    0x08004950   0x00000028   Code   RO         2176    i.__NVIC_SetPriority  stm32f4xx_hal_cortex.o
    0x08004978   0x0000000e   Code   RO         7109    i.__scatterload_copy  mc_w.l(handlers.o)
    0x08004986   0x00000002   Code   RO         7110    i.__scatterload_null  mc_w.l(handlers.o)
    0x08004988   0x0000000e   Code   RO         7111    i.__scatterload_zeroinit  mc_w.l(handlers.o)
    0x08004996   0x00000002   PAD
    0x08004998   0x00000028   Code   RO         6709    i.eMBEnable         mb.o
    0x080049c0   0x000000ae   Code   RO         6879    i.eMBFuncReadCoils  mbfunccoils.o
    0x08004a6e   0x000000ac   Code   RO         6918    i.eMBFuncReadDiscreteInputs  mbfuncdisc.o
    0x08004b1a   0x0000008e   Code   RO         6942    i.eMBFuncReadHoldingRegister  mbfuncholding.o
    0x08004ba8   0x0000008c   Code   RO         6984    i.eMBFuncReadInputRegister  mbfuncinput.o
    0x08004c34   0x000000d4   Code   RO         6943    i.eMBFuncReadWriteMultipleHoldingRegister  mbfuncholding.o
    0x08004d08   0x00000028   Code   RO         7008    i.eMBFuncReportSlaveID  mbfuncother.o
    0x08004d30   0x00000070   Code   RO         6880    i.eMBFuncWriteCoil  mbfunccoils.o
    0x08004da0   0x00000042   Code   RO         6944    i.eMBFuncWriteHoldingRegister  mbfuncholding.o
    0x08004de2   0x00000090   Code   RO         6881    i.eMBFuncWriteMultipleCoils  mbfunccoils.o
    0x08004e72   0x0000006e   Code   RO         6945    i.eMBFuncWriteMultipleHoldingRegister  mbfuncholding.o
    0x08004ee0   0x000000e0   Code   RO         6710    i.eMBInit           mb.o
    0x08004fc0   0x0000012c   Code   RO         6711    i.eMBPoll           mb.o
    0x080050ec   0x00000054   Code   RO         6806    i.eMBRTUInit        mbrtu.o
    0x08005140   0x0000004c   Code   RO         6807    i.eMBRTUReceive     mbrtu.o
    0x0800518c   0x0000008c   Code   RO         6808    i.eMBRTUSend        mbrtu.o
    0x08005218   0x00000020   Code   RO         6809    i.eMBRTUStart       mbrtu.o
    0x08005238   0x00000014   Code   RO         6810    i.eMBRTUStop        mbrtu.o
    0x0800524c   0x0000000e   Code   RO          606    i.eMBRegCoilsCB     freertos.o
    0x0800525a   0x0000000c   Code   RO          607    i.eMBRegDiscreteCB  freertos.o
    0x08005266   0x00000002   PAD
    0x08005268   0x0000010c   Code   RO          608    i.eMBRegHoldingCB   freertos.o
    0x08005374   0x00000010   Code   RO          609    i.eMBRegInputCB     freertos.o
    0x08005384   0x00000010   Code   RO         5517    i.inHandlerMode     cmsis_os.o
    0x08005394   0x00000050   Code   RO           16    i.main              main.o
    0x080053e4   0x0000000e   Code   RO         5519    i.makeFreeRtosPriority  cmsis_os.o
    0x080053f2   0x00000018   Code   RO         5521    i.osDelay           cmsis_os.o
    0x0800540a   0x00000012   Code   RO         5523    i.osKernelRunning   cmsis_os.o
    0x0800541c   0x0000000a   Code   RO         5524    i.osKernelStart     cmsis_os.o
    0x08005426   0x00000014   Code   RO         5525    i.osKernelSysTick   cmsis_os.o
    0x0800543a   0x00000028   Code   RO         5533    i.osMessageCreate   cmsis_os.o
    0x08005462   0x00000002   PAD
    0x08005464   0x0000009c   Code   RO         5535    i.osMessageGet      cmsis_os.o
    0x08005500   0x00000060   Code   RO         5537    i.osMessagePut      cmsis_os.o
    0x08005560   0x0000005e   Code   RO         5558    i.osThreadCreate    cmsis_os.o
    0x080055be   0x00000002   PAD
    0x080055c0   0x00000098   Code   RO         5202    i.prvAddCurrentTaskToDelayedList  tasks.o
    0x08005658   0x000000b4   Code   RO         5203    i.prvAddNewTaskToReadyList  tasks.o
    0x0800570c   0x00000048   Code   RO         5204    i.prvCheckTasksWaitingTermination  tasks.o
    0x08005754   0x0000002a   Code   RO         4868    i.prvCopyDataFromQueue  queue.o
    0x0800577e   0x0000007e   Code   RO         4869    i.prvCopyDataToQueue  queue.o
    0x080057fc   0x00000050   Code   RO         5205    i.prvDeleteTCB      tasks.o
    0x0800584c   0x0000007c   Code   RO         5886    i.prvHeapInit       heap_4.o
    0x080058c8   0x00000028   Code   RO         5206    i.prvIdleTask       tasks.o
    0x080058f0   0x00000026   Code   RO         4872    i.prvInitialiseNewQueue  queue.o
    0x08005916   0x000000b4   Code   RO         5207    i.prvInitialiseNewTask  tasks.o
    0x080059ca   0x00000002   PAD
    0x080059cc   0x00000068   Code   RO         5208    i.prvInitialiseTaskLists  tasks.o
    0x08005a34   0x00000068   Code   RO         5887    i.prvInsertBlockIntoFreeList  heap_4.o
    0x08005a9c   0x0000001a   Code   RO         4873    i.prvIsQueueEmpty   queue.o
    0x08005ab6   0x0000001e   Code   RO         4874    i.prvIsQueueFull    queue.o
    0x08005ad4   0x00000034   Code   RO         5209    i.prvResetNextTaskUnblockTime  tasks.o
    0x08005b08   0x00000040   Code   RO         5949    i.prvTaskExitError  port.o
    0x08005b48   0x0000007e   Code   RO         4875    i.prvUnlockQueue    queue.o
    0x08005bc6   0x00000022   Code   RO         7041    i.prveMBError2Exception  mbutils.o
    0x08005be8   0x0000013c   Code   RO         5888    i.pvPortMalloc      heap_4.o
    0x08005d24   0x0000002c   Code   RO         5950    i.pxPortInitialiseStack  port.o
    0x08005d50   0x00000038   Code   RO         6780    i.usMBCRC16         mbcrc.o
    0x08005d88   0x00000028   Code   RO         4828    i.uxListRemove      list.o
    0x08005db0   0x00000018   Code   RO          610    i.vApplicationGetIdleTaskMemory  freertos.o
    0x08005dc8   0x0000001a   Code   RO         4829    i.vListInitialise   list.o
    0x08005de2   0x00000006   Code   RO         4830    i.vListInitialiseItem  list.o
    0x08005de8   0x00000034   Code   RO         4831    i.vListInsert       list.o
    0x08005e1c   0x00000018   Code   RO         4832    i.vListInsertEnd    list.o
    0x08005e34   0x00000080   Code   RO         6588    i.vMBPortSerialEnable  portserial.o
    0x08005eb4   0x00000010   Code   RO         6547    i.vMBPortTimersDisable  porttimer.o
    0x08005ec4   0x00000020   Code   RO         6548    i.vMBPortTimersEnable  porttimer.o
    0x08005ee4   0x00000054   Code   RO         5952    i.vPortEnterCritical  port.o
    0x08005f38   0x0000003c   Code   RO         5953    i.vPortExitCritical  port.o
    0x08005f74   0x00000094   Code   RO         5889    i.vPortFree         heap_4.o
    0x08006008   0x00000028   Code   RO         5954    i.vPortSetupTimerInterrupt  port.o
    0x08006030   0x00000078   Code   RO         5955    i.vPortValidateInterruptPriority  port.o
    0x080060a8   0x0000005c   Code   RO         5217    i.vTaskDelay        tasks.o
    0x08006104   0x00000018   Code   RO         5220    i.vTaskInternalSetTimeOutState  tasks.o
    0x0800611c   0x0000000c   Code   RO         5221    i.vTaskMissedYield  tasks.o
    0x08006128   0x00000038   Code   RO         5223    i.vTaskPlaceOnEventList  tasks.o
    0x08006160   0x000000b0   Code   RO         5230    i.vTaskStartScheduler  tasks.o
    0x08006210   0x00000010   Code   RO         5232    i.vTaskSuspendAll   tasks.o
    0x08006220   0x0000008c   Code   RO         5233    i.vTaskSwitchContext  tasks.o
    0x080062ac   0x00000024   Code   RO         6639    i.xMBPortEventGet   portevent.o
    0x080062d0   0x00000010   Code   RO         6640    i.xMBPortEventInit  portevent.o
    0x080062e0   0x00000018   Code   RO         6641    i.xMBPortEventPost  portevent.o
    0x080062f8   0x00000014   Code   RO         6589    i.xMBPortSerialGetByte  portserial.o
    0x0800630c   0x00000088   Code   RO         6590    i.xMBPortSerialInit  portserial.o
    0x08006394   0x0000001c   Code   RO         6591    i.xMBPortSerialPutByte  portserial.o
    0x080063b0   0x00000060   Code   RO         6549    i.xMBPortTimersInit  porttimer.o
    0x08006410   0x00000088   Code   RO         6811    i.xMBRTUReceiveFSM  mbrtu.o
    0x08006498   0x00000040   Code   RO         6812    i.xMBRTUTimerT35Expired  mbrtu.o
    0x080064d8   0x0000006c   Code   RO         6813    i.xMBRTUTransmitFSM  mbrtu.o
    0x08006544   0x00000168   Code   RO         5956    i.xPortStartScheduler  port.o
    0x080066ac   0x00000060   Code   RO         4884    i.xQueueGenericCreate  queue.o
    0x0800670c   0x000000e0   Code   RO         4885    i.xQueueGenericCreateStatic  queue.o
    0x080067ec   0x00000098   Code   RO         4886    i.xQueueGenericReset  queue.o
    0x08006884   0x000001a8   Code   RO         4887    i.xQueueGenericSend  queue.o
    0x08006a2c   0x000000f8   Code   RO         4888    i.xQueueGenericSendFromISR  queue.o
    0x08006b24   0x00000168   Code   RO         4894    i.xQueueReceive     queue.o
    0x08006c8c   0x000000ca   Code   RO         4895    i.xQueueReceiveFromISR  queue.o
    0x08006d56   0x00000002   PAD
    0x08006d58   0x0000008c   Code   RO         5234    i.xTaskCheckForTimeOut  tasks.o
    0x08006de4   0x00000064   Code   RO         5235    i.xTaskCreate       tasks.o
    0x08006e48   0x000000ba   Code   RO         5236    i.xTaskCreateStatic  tasks.o
    0x08006f02   0x00000002   PAD
    0x08006f04   0x00000020   Code   RO         5240    i.xTaskGetSchedulerState  tasks.o
    0x08006f24   0x0000000c   Code   RO         5241    i.xTaskGetTickCount  tasks.o
    0x08006f30   0x00000014   Code   RO         5242    i.xTaskGetTickCountFromISR  tasks.o
    0x08006f44   0x00000148   Code   RO         5243    i.xTaskIncrementTick  tasks.o
    0x0800708c   0x000000c8   Code   RO         5246    i.xTaskPriorityDisinherit  tasks.o
    0x08007154   0x00000098   Code   RO         5248    i.xTaskRemoveFromEventList  tasks.o
    0x080071ec   0x00000104   Code   RO         5249    i.xTaskResumeAll    tasks.o
    0x080072f0   0x00000024   Data   RO          461    .constdata          sd_diskio.o
    0x08007314   0x00000038   Data   RO          612    .constdata          freertos.o
    0x0800734c   0x00000018   Data   RO         4692    .constdata          system_stm32f4xx.o
    0x08007364   0x00000200   Data   RO         6781    .constdata          mbcrc.o
    0x08007564   0x00000018   Data   RO          613    .conststring        freertos.o
    0x0800757c   0x00000020   Data   RO         7107    Region$$Table       anon$$obj.o


    Execution Region RW_IRAM1 (Base: 0x20000000, Size: 0x000049c8, Max: 0x00030000, ABSOLUTE, COMPRESSED[0x00000054])

    Base Addr    Size         Type   Attr      Idx    E Section Name        Object

    0x20000000   0x00000004   Data   RW          287    .data               can.o
    0x20000004   0x00000008   Data   RW          462    .data               sd_diskio.o
    0x2000000c   0x00000005   Data   RW          545    .data               fatfs.o
    0x20000011   0x00000003   PAD
    0x20000014   0x0000000c   Data   RW          614    .data               freertos.o
    0x20000020   0x00000009   Data   RW         2326    .data               stm32f4xx_hal.o
    0x20000029   0x00000003   PAD
    0x2000002c   0x00000004   Data   RW         4693    .data               system_stm32f4xx.o
    0x20000030   0x0000003c   Data   RW         5252    .data               tasks.o
    0x2000006c   0x00000018   Data   RW         5894    .data               heap_4.o
    0x20000084   0x0000000c   Data   RW         5957    .data               port.o
    0x20000090   0x00000004   Data   RW         6550    .data               porttimer.o
    0x20000094   0x00000004   Data   RW         6592    .data               portserial.o
    0x20000098   0x00000002   Data   RW         6642    .data               portevent.o
    0x2000009a   0x00000002   PAD
    0x2000009c   0x000000b5   Data   RW         6713    .data               mb.o
    0x20000151   0x00000003   PAD
    0x20000154   0x0000000c   Data   RW         6815    .data               mbrtu.o
    0x20000160   0x00000002   Data   RW         7011    .data               mbfuncother.o
    0x20000162   0x00000002   PAD
    0x20000164   0x00000050   Zero   RW          286    .bss                can.o
    0x200001b4   0x00000254   Zero   RW          611    .bss                freertos.o
    0x20000408   0x00000084   Zero   RW          712    .bss                sdio.o
    0x2000048c   0x00000160   Zero   RW          757    .bss                spi.o
    0x200005ec   0x00000040   Zero   RW          814    .bss                tim.o
    0x2000062c   0x00000140   Zero   RW          860    .bss                usart.o
    0x2000076c   0x00000040   Zero   RW         1028    .bss                stm32f4xx_hal_timebase_tim.o
    0x200007ac   0x000000f0   Zero   RW         5251    .bss                tasks.o
    0x2000089c   0x00003c00   Zero   RW         5893    .bss                heap_4.o
    0x2000449c   0x0000000c   Zero   RW         6453    .bss                ff_gen_drv.o
    0x200044a8   0x00000100   Zero   RW         6814    .bss                mbrtu.o
    0x200045a8   0x00000020   Zero   RW         7010    .bss                mbfuncother.o
    0x200045c8   0x00000400   Zero   RW            1    STACK               startup_stm32f427xx.o


==============================================================================

Image component sizes


      Code (inc. data)   RO Data    RW Data    ZI Data      Debug   Object Name

       204         26          0          0          0       4368   bsp_driver_sd.o
       436         40          0          4         80       2298   can.o
       488         10          0          0          0      31759   cmsis_os.o
         0          0          0          0          0      18824   event_groups.o
        28         12          0          5          0        986   fatfs.o
        24          4          0          0          0        537   fatfs_platform.o
       102          6          0          0         12       1619   ff_gen_drv.o
       448         32         80         12        596      10270   freertos.o
       548         26          0          0          0       1203   gpio.o
       692         62          0         24      15360       7239   heap_4.o
       148          0          0          0          0       3494   list.o
       294         14          0          0          0     806716   main.o
       564        122          0        181          0       5523   mb.o
        56          8        512          0          0       1264   mbcrc.o
       430          0          0          0          0       3910   mbfunccoils.o
       172          0          0          0          0       1676   mbfuncdisc.o
       530          0          0          0          0       5187   mbfuncholding.o
       140          0          0          0          0       1631   mbfuncinput.o
        40         10          0          2         32       1451   mbfuncother.o
       660         72          0         12        256       6483   mbrtu.o
        34          0          0          0          0        624   mbutils.o
      1014         92          0         12          0      11937   port.o
        76         24          0          2          0       2272   portevent.o
       312         30          0          4          0       3322   portserial.o
       144         34          0          4          0       2031   porttimer.o
      2094         14          0          0          0      17549   queue.o
       586         40         36          8          0      12806   sd_diskio.o
       264         26          0          0        132       1633   sdio.o
       816         74          0          0        352       3560   spi.o
        36          8        428          0       1024        828   startup_stm32f427xx.o
       136         24          0          9          0       8790   stm32f4xx_hal.o
       372          0          0          0          0       1299   stm32f4xx_hal_can.o
       252         22          0          0          0      33586   stm32f4xx_hal_cortex.o
       236          0          0          0          0       3281   stm32f4xx_hal_dma.o
       568         54          0          0          0       2935   stm32f4xx_hal_gpio.o
        84          6          0          0          0        818   stm32f4xx_hal_msp.o
       140         12          0          0          0       1264   stm32f4xx_hal_pwr_ex.o
      1868         94          0          0          0       6161   stm32f4xx_hal_rcc.o
      2808         58          0          0          0      14671   stm32f4xx_hal_sd.o
       834          8          0          0          0       4002   stm32f4xx_hal_spi.o
      1162         46          0          0          0       9862   stm32f4xx_hal_tim.o
       184         30          0          0          0       2437   stm32f4xx_hal_tim_ex.o
       140         18          0          0         64       1408   stm32f4xx_hal_timebase_tim.o
      2138         12          0          0          0       9515   stm32f4xx_hal_uart.o
       244         38          0          0          0       5436   stm32f4xx_it.o
      2098         46          0          0          0      22946   stm32f4xx_ll_sdmmc.o
         0          0          0          0          0        400   stream_buffer.o
        28          4         24          4          0       1107   system_stm32f4xx.o
      2806        350          0         60        240      26607   tasks.o
       168         10          0          0         64       1590   tim.o
       900         84          0          0        320       4160   usart.o

    ----------------------------------------------------------------------
     28588       1702       1112        356      18532    1135275   Object Totals
         0          0         32          0          0          0   (incl. Generated)
        42          0          0         13          0          0   (incl. Padding)

    ----------------------------------------------------------------------

      Code (inc. data)   RO Data    RW Data    ZI Data      Debug   Library Member Name

        86          0          0          0          0          0   __dczerorl2.o
         0          0          0          0          0          0   entry.o
         0          0          0          0          0          0   entry10a.o
         0          0          0          0          0          0   entry11a.o
         8          4          0          0          0          0   entry2.o
         4          0          0          0          0          0   entry5.o
         0          0          0          0          0          0   entry7b.o
         0          0          0          0          0          0   entry8b.o
         8          4          0          0          0          0   entry9a.o
        30          0          0          0          0          0   handlers.o
        36          8          0          0          0         68   init.o
        30          0          0          0          0         68   llshl.o
        32          0          0          0          0         68   llushr.o
        36          0          0          0          0         68   memcpya.o
        36          0          0          0          0        108   memseta.o
        98          0          0          0          0         92   uldiv.o

    ----------------------------------------------------------------------
       408         16          0          0          0        472   Library Totals
         4          0          0          0          0          0   (incl. Padding)

    ----------------------------------------------------------------------

      Code (inc. data)   RO Data    RW Data    ZI Data      Debug   Library Name

       404         16          0          0          0        472   mc_w.l

    ----------------------------------------------------------------------
       408         16          0          0          0        472   Library Totals

    ----------------------------------------------------------------------

==============================================================================


      Code (inc. data)   RO Data    RW Data    ZI Data      Debug   

     28996       1718       1112        356      18532    1109475   Grand Totals
     28996       1718       1112         84      18532    1109475   ELF Image Totals (compressed)
     28996       1718       1112         84          0          0   ROM Totals

==============================================================================

    Total RO  Size (Code + RO Data)                30108 (  29.40kB)
    Total RW  Size (RW Data + ZI Data)             18888 (  18.45kB)
    Total ROM Size (Code + RO Data + RW Data)      30192 (  29.48kB)

==============================================================================

